👽 Taro v4.1.9

Tips:
1. 建议开启持久化缓存功能，能有效提升二次编译速度，详情请参考: https://docs.taro.zone/docs/config-detail#cache。


ℹ 预览端口 10086 被占用, 自动切换到空闲端口 10088

→ Watching... [2026/6/15 10:24:26]


ℹ️  Listening at http://192.168.3.208:10088/

监听文件修改中...

asset [1m[32mjs/app.9912170d.js[39m[22m 5.05 MiB [1m[32m[emitted][39m[22m [1m[32m[immutable][39m[22m (name: app)
asset [1m[32mjs/node_modules_hls_js_dist_hls_mjs.0e0a16a9.js[39m[22m 3.23 MiB [1m[32m[emitted][39m[22m [1m[32m[immutable][39m[22m
asset [1m[32mjs/src_pages_home_index_tsx.f1929733.js[39m[22m 2.89 MiB [1m[32m[emitted][39m[22m [1m[32m[immutable][39m[22m
asset [1m[32mjs/src_pages_booking-form_index_tsx.2e467962.js[39m[22m 2.87 MiB [1m[32m[emitted][39m[22m [1m[32m[immutable][39m[22m
asset [1m[32mjs/src_pages_orders_index_tsx.827da4ef.js[39m[22m 2.87 MiB [1m[32m[emitted][39m[22m [1m[32m[immutable][39m[22m
asset [1m[32mjs/src_pages_courses_index_tsx.d050c5a8.js[39m[22m 2.86 MiB [1m[32m[emitted][39m[22m [1m[32m[immutable][39m[22m
asset [1m[32mjs/src_pages_order-detail_index_tsx.d221c4f6.js[39m[22m 2.8 MiB [1m[32m[emitted][39m[22m [1m[32m[immutable][39m[22m
asset [1m[32mjs/src_pages_coupon-center_index_tsx.72aadba8.js[39m[22m 2.8 MiB [1m[32m[emitted][39m[22m [1m[32m[immutable][39m[22m
asset [1m[32mjs/src_pages_coupons_index_tsx.7f2c61e4.js[39m[22m 2.8 MiB [1m[32m[emitted][39m[22m [1m[32m[immutable][39m[22m
asset [1m[32mjs/src_pages_mine_index_tsx.bb1a3aa6.js[39m[22m 2.78 MiB [1m[32m[emitted][39m[22m [1m[32m[immutable][39m[22m
asset [1m[32mjs/src_pages_course-detail_index_tsx.c629876e.js[39m[22m 2.76 MiB [1m[32m[emitted][39m[22m [1m[32m[immutable][39m[22m
asset [1m[32mjs/src_pages_booking-success_index_tsx.682513d8.js[39m[22m 2.75 MiB [1m[32m[emitted][39m[22m [1m[32m[immutable][39m[22m
asset [1m[32mjs/src_pages_login_index_tsx.2909aa94.js[39m[22m 2.68 MiB [1m[32m[emitted][39m[22m [1m[32m[immutable][39m[22m
asset [1m[32mjs/src_pages_index_index_tsx.5afc835e.js[39m[22m 2.65 MiB [1m[32m[emitted][39m[22m [1m[32m[immutable][39m[22m
+ 4 assets
Entrypoint [1mapp[39m[22m 6.38 MiB = [1m[32mjs/runtime.9912170d.js[39m[22m 49.6 KiB [1m[32mjs/taro.9912170d.js[39m[22m 1.29 MiB [1m[32mjs/app.9912170d.js[39m[22m 5.05 MiB
orphan modules 679 KiB [1m[33m[orphan][39m[22m 292 modules
runtime modules 32.9 KiB 18 modules
modules by path [1m./node_modules/[39m[22m 4.43 MiB 434 modules
modules by path [1m./src/[39m[22m 640 KiB
  modules by path [1m./src/pages/[39m[22m 511 KiB 36 modules
  modules by path [1m./src/components/[39m[22m 73.3 KiB 9 modules
  modules by path [1m./src/data/*.ts[39m[22m 27.1 KiB
    [1m./src/data/courses.ts[39m[22m 11.6 KiB [1m[33m[built][39m[22m [1m[33m[code generated][39m[22m
    + 2 modules
  modules by path [1m./src/*.scss[39m[22m 10.9 KiB
    [1m./src/app.scss[39m[22m 2.88 KiB [1m[33m[built][39m[22m [1m[33m[code generated][39m[22m
    ./node_modules/css-loader/dist/cjs.js??ruleSet[1].rules[2].oneOf[2].use[0]!./node_modules/postcss-loader/dist/cjs.js??ruleSet[1].rules[3].use[0]!./node_modules/resolve-url-loader/index.js!./node_modules/sass-loader/dist/cjs.js??ruleSet[1].rules[5].use[1]![1m./src/app.scss[39m[22m 8.02 KiB [1m[33m[built][39m[22m [1m[33m[code generated][39m[22m
  + 4 modules
[1mdata:application/octet-stream;base64,AAEAAAALAIAAAwAw..[39m[22m 6.1 KiB [1m[33m[built][39m[22m [1m[33m[code generated][39m[22m
webpack 5.78.0 compiled [1m[32msuccessfully[39m[22m in 30297 ms
→ Watching... [2026/6/15 10:45:29]

assets by status 14.2 MiB [1m[32m[cached][39m[22m 6 assets
assets by info 29.2 MiB [1m[32m[immutable][39m[22m
  assets by path [1m[32mjs/*.js[39m[22m 29 MiB
    asset [1m[32mjs/app.9b7898a7.js[39m[22m 5.05 MiB [1m[32m[emitted][39m[22m [1m[32m[immutable][39m[22m (name: app)
    asset [1m[32mjs/src_pages_home_index_tsx.64301e09.js[39m[22m 2.89 MiB [1m[32m[emitted][39m[22m [1m[32m[immutable][39m[22m
    asset [1m[32mjs/src_pages_booking-form_index_tsx.034ce714.js[39m[22m 2.87 MiB [1m[32m[emitted][39m[22m [1m[32m[immutable][39m[22m
    asset [1m[32mjs/src_pages_orders_index_tsx.f987ac87.js[39m[22m 2.87 MiB [1m[32m[emitted][39m[22m [1m[32m[immutable][39m[22m
    + 7 assets
  assets by info 260 KiB [1m[32m[hmr][39m[22m
    asset [1m[32msrc_pages_booking-success_index_tsx.9912170dec7c091681a1.hot-update.js[39m[22m 32.2 KiB [1m[32m[emitted][39m[22m [1m[32m[immutable][39m[22m [1m[32m[hmr][39m[22m
    asset [1m[32msrc_pages_course-detail_index_tsx.9912170dec7c091681a1.hot-update.js[39m[22m 32.2 KiB [1m[32m[emitted][39m[22m [1m[32m[immutable][39m[22m [1m[32m[hmr][39m[22m
    asset [1m[32msrc_pages_booking-form_index_tsx.9912170dec7c091681a1.hot-update.js[39m[22m 32.2 KiB [1m[32m[emitted][39m[22m [1m[32m[immutable][39m[22m [1m[32m[hmr][39m[22m
    asset [1m[32msrc_pages_order-detail_index_tsx.9912170dec7c091681a1.hot-update.js[39m[22m 32.2 KiB [1m[32m[emitted][39m[22m [1m[32m[immutable][39m[22m [1m[32m[hmr][39m[22m
    + 6 assets
asset [1m[32mindex.html[39m[22m 1.44 KiB [1m[32m[emitted][39m[22m
Entrypoint [1mapp[39m[22m 6.39 MiB = [1m[32mjs/runtime.9b7898a7.js[39m[22m 49.6 KiB [1m[32mruntime.9912170dec7c091681a1.hot-update.js[39m[22m 1.81 KiB [1m[32mjs/taro.9b7898a7.js[39m[22m 1.29 MiB [1m[32mjs/app.9b7898a7.js[39m[22m 5.05 MiB
cached modules 5.71 MiB [1m[32m[cached][39m[22m 780 modules
runtime modules 32.9 KiB 18 modules
[1m./src/data/courses.ts[39m[22m 11.6 KiB [1m[33m[built][39m[22m [1m[33m[code generated][39m[22m
webpack 5.78.0 compiled [1m[32msuccessfully[39m[22m in 3103 ms
→ Watching... [2026/6/15 10:46:41]

assets by status 14.2 MiB [1m[32m[cached][39m[22m 6 assets
assets by info 29.2 MiB [1m[32m[immutable][39m[22m
  assets by path [1m[32mjs/*.js[39m[22m 29 MiB
    asset [1m[32mjs/app.82573a5c.js[39m[22m 5.05 MiB [1m[32m[emitted][39m[22m [1m[32m[immutable][39m[22m (name: app)
    asset [1m[32mjs/src_pages_home_index_tsx.418cf656.js[39m[22m 2.89 MiB [1m[32m[emitted][39m[22m [1m[32m[immutable][39m[22m
    asset [1m[32mjs/src_pages_booking-form_index_tsx.305b20d2.js[39m[22m 2.87 MiB [1m[32m[emitted][39m[22m [1m[32m[immutable][39m[22m
    asset [1m[32mjs/src_pages_orders_index_tsx.285a3955.js[39m[22m 2.87 MiB [1m[32m[emitted][39m[22m [1m[32m[immutable][39m[22m
    + 7 assets
  assets by info 260 KiB [1m[32m[hmr][39m[22m
    asset [1m[32msrc_pages_booking-success_index_tsx.9b7898a777e93dd60278.hot-update.js[39m[22m 32.3 KiB [1m[32m[emitted][39m[22m [1m[32m[immutable][39m[22m [1m[32m[hmr][39m[22m
    asset [1m[32msrc_pages_course-detail_index_tsx.9b7898a777e93dd60278.hot-update.js[39m[22m 32.3 KiB [1m[32m[emitted][39m[22m [1m[32m[immutable][39m[22m [1m[32m[hmr][39m[22m
    asset [1m[32msrc_pages_booking-form_index_tsx.9b7898a777e93dd60278.hot-update.js[39m[22m 32.3 KiB [1m[32m[emitted][39m[22m [1m[32m[immutable][39m[22m [1m[32m[hmr][39m[22m
    asset [1m[32msrc_pages_order-detail_index_tsx.9b7898a777e93dd60278.hot-update.js[39m[22m 32.3 KiB [1m[32m[emitted][39m[22m [1m[32m[immutable][39m[22m [1m[32m[hmr][39m[22m
    + 6 assets
asset [1m[32mindex.html[39m[22m 1.44 KiB [1m[32m[emitted][39m[22m
Entrypoint [1mapp[39m[22m 6.39 MiB = [1m[32mjs/runtime.82573a5c.js[39m[22m 49.6 KiB [1m[32mruntime.9b7898a777e93dd60278.hot-update.js[39m[22m 1.81 KiB [1m[32mjs/taro.82573a5c.js[39m[22m 1.29 MiB [1m[32mjs/app.82573a5c.js[39m[22m 5.05 MiB
cached modules 5.71 MiB [1m[32m[cached][39m[22m 780 modules
runtime modules 32.9 KiB 18 modules
[1m./src/data/courses.ts[39m[22m 11.6 KiB [1m[33m[built][39m[22m [1m[33m[code generated][39m[22m
webpack 5.78.0 compiled [1m[32msuccessfully[39m[22m in 644 ms
→ Watching... [2026/6/15 10:47:19]

assets by status 33.9 MiB [1m[32m[cached][39m[22m 13 assets
assets by status 9.29 MiB [1m[32m[emitted][39m[22m
  assets by path [1m[32mjs/*.js[39m[22m 9.25 MiB
    asset [1m[32mjs/app.a8b1ac30.js[39m[22m 5.05 MiB [1m[32m[emitted][39m[22m [1m[32m[immutable][39m[22m (name: app)
    asset [1m[32mjs/src_pages_courses_index_tsx.b16ea50a.js[39m[22m 2.86 MiB [1m[32m[emitted][39m[22m [1m[32m[immutable][39m[22m
    asset [1m[32mjs/taro.a8b1ac30.js[39m[22m 1.29 MiB [1m[32m[emitted][39m[22m [1m[32m[immutable][39m[22m (name: taro) (id hint: taro)
    asset [1m[32mjs/runtime.a8b1ac30.js[39m[22m 49.6 KiB [1m[32m[emitted][39m[22m [1m[32m[immutable][39m[22m (name: runtime)
  assets by info 36.9 KiB [1m[32m[hmr][39m[22m
    asset [1m[32msrc_pages_courses_index_tsx.82573a5cf29b5c7c20cf.hot-update.js[39m[22m 35 KiB [1m[32m[emitted][39m[22m [1m[32m[immutable][39m[22m [1m[32m[hmr][39m[22m
    asset [1m[32mruntime.82573a5cf29b5c7c20cf.hot-update.js[39m[22m 1.81 KiB [1m[32m[emitted][39m[22m [1m[32m[immutable][39m[22m [1m[32m[hmr][39m[22m (name: runtime)
    asset [1m[32mruntime.82573a5cf29b5c7c20cf.hot-update.json[39m[22m 61 bytes [1m[32m[emitted][39m[22m [1m[32m[immutable][39m[22m [1m[32m[hmr][39m[22m
  asset [1m[32mindex.html[39m[22m 1.44 KiB [1m[32m[emitted][39m[22m
Entrypoint [1mapp[39m[22m 6.39 MiB = [1m[32mjs/runtime.a8b1ac30.js[39m[22m 49.6 KiB [1m[32mruntime.82573a5cf29b5c7c20cf.hot-update.js[39m[22m 1.81 KiB [1m[32mjs/taro.a8b1ac30.js[39m[22m 1.29 MiB [1m[32mjs/app.a8b1ac30.js[39m[22m 5.05 MiB
cached modules 5.71 MiB [1m[32m[cached][39m[22m 780 modules
runtime modules 32.9 KiB 18 modules
[1m./src/pages/courses/index.tsx[39m[22m 12.1 KiB [1m[33m[built][39m[22m [1m[33m[code generated][39m[22m
webpack 5.78.0 compiled [1m[32msuccessfully[39m[22m in 997 ms
✖ Errors: 

ModuleBuildError: Module build failed (from ./node_modules/babel-loader/lib/index.js):
SyntaxError: D:\traenewfile\Book Yoga Trial Class\src\pages\courses\index.tsx: Unterminated JSX contents. (266:11)

[0m [90m 264 |[39m         )}
 [90m 265 |[39m       [33m<[39m[33m/[39m[33mScrollView[39m[33m>[39m
[31m[1m>[22m[39m[90m 266 |[39m     [33m<[39m[33m/[39m[33mView[39m[33m>[39m
 [90m     |[39m            [31m[1m^[22m[39m
 [90m 267 |[39m   )[33m;[39m
 [90m 268 |[39m }[33m;[39m
 [90m 269 |[39m[0m

→ Watching... [2026/6/15 11:07:12]

ModuleBuildError: Module build failed (from ./node_modules/babel-loader/lib/index.js):
SyntaxError: D:\traenewfile\Book Yoga Trial Class\src\pages\courses\index.tsx: Unterminated JSX contents. (266:11)

[0m [90m 264 |[39m         )}
 [90m 265 |[39m       [33m<[39m[33m/[39m[33mScrollView[39m[33m>[39m
[31m[1m>[22m[39m[90m 266 |[39m     [33m<[39m[33m/[39m[33mView[39m[33m>[39m
 [90m     |[39m            [31m[1m^[22m[39m
 [90m 267 |[39m   )[33m;[39m
 [90m 268 |[39m }[33m;[39m
 [90m 269 |[39m[0m

assets by status 33.9 MiB [1m[32m[cached][39m[22m 13 assets
assets by status 6.41 MiB [1m[32m[emitted][39m[22m
  assets by path [1m[32mjs/*.js[39m[22m 6.39 MiB
    asset [1m[32mjs/app.36df4e77.js[39m[22m 5.05 MiB [1m[32m[emitted][39m[22m [1m[32m[immutable][39m[22m (name: app)
    asset [1m[32mjs/taro.36df4e77.js[39m[22m 1.29 MiB [1m[32m[emitted][39m[22m [1m[32m[immutable][39m[22m (name: taro) (id hint: taro)
    asset [1m[32mjs/runtime.36df4e77.js[39m[22m 49.6 KiB [1m[32m[emitted][39m[22m [1m[32m[immutable][39m[22m (name: runtime)
    asset [1m[32mjs/src_pages_courses_index_tsx.bb5220a4.js[39m[22m 8.99 KiB [1m[32m[emitted][39m[22m [1m[32m[immutable][39m[22m
  assets by info 11.2 KiB [1m[32m[hmr][39m[22m
    asset [1m[32msrc_pages_courses_index_tsx.a8b1ac30739167cbf453.hot-update.js[39m[22m 8.97 KiB [1m[32m[emitted][39m[22m [1m[32m[immutable][39m[22m [1m[32m[hmr][39m[22m
    asset [1m[32mruntime.a8b1ac30739167cbf453.hot-update.js[39m[22m 1.81 KiB [1m[32m[emitted][39m[22m [1m[32m[immutable][39m[22m [1m[32m[hmr][39m[22m (name: runtime)
    asset [1m[32mruntime.a8b1ac30739167cbf453.hot-update.json[39m[22m 395 bytes [1m[32m[emitted][39m[22m [1m[32m[immutable][39m[22m [1m[32m[hmr][39m[22m
  asset [1m[32mindex.html[39m[22m 1.44 KiB [1m[32m[emitted][39m[22m
Entrypoint [1mapp[39m[22m 6.39 MiB = [1m[32mjs/runtime.36df4e77.js[39m[22m 49.6 KiB [1m[32mruntime.a8b1ac30739167cbf453.hot-update.js[39m[22m 1.81 KiB [1m[32mjs/taro.36df4e77.js[39m[22m 1.29 MiB [1m[32mjs/app.36df4e77.js[39m[22m 5.05 MiB
cached modules 5.68 MiB [1m[32m[cached][39m[22m 777 modules
runtime modules 32.9 KiB 18 modules
javascript modules 7.24 KiB
  [1m./src/app.config.ts[39m[22m 7.2 KiB [1m[33m[code generated][39m[22m
  [1m./src/pages/courses/index.tsx[39m[22m 39 bytes [1m[33m[built][39m[22m [1m[33m[code generated][39m[22m [1m[31m[1 error][39m[22m

[1m[31mERROR[39m[22m in [1m./src/pages/courses/index.tsx[39m[22m
Module build failed (from ./node_modules/babel-loader/lib/index.js):
SyntaxError: D:\traenewfile\Book Yoga Trial Class\src\pages\courses\index.tsx: Unterminated JSX contents. (266:11)

[0m [90m 264 |[39m         )}
 [90m 265 |[39m       [33m<[39m[33m/[39m[33mScrollView[39m[33m>[39m
[31m[1m>[22m[39m[90m 266 |[39m     [33m<[39m[33m/[39m[33mView[39m[33m>[39m
 [90m     |[39m            [31m[1m^[22m[39m
 [90m 267 |[39m   )[33m;[39m
 [90m 268 |[39m }[33m;[39m
 [90m 269 |[39m[0m
    at toParseError (D:\traenewfile\Book Yoga Trial Class\node_modules\@babel\parser\src\parse-error.ts:95:45)
    at TypeScriptParserMixin.raise (D:\traenewfile\Book Yoga Trial Class\node_modules\@babel\parser\src\tokenizer\index.ts:1504:19)
    at TypeScriptParserMixin.jsxReadToken (D:\traenewfile\Book Yoga Trial Class\node_modules\@babel\parser\src\plugins\jsx\index.ts:104:22)
    at TypeScriptParserMixin.getTokenFromCode (D:\traenewfile\Book Yoga Trial Class\node_modules\@babel\parser\src\plugins\jsx\index.ts:596:14)
    at TypeScriptParserMixin.getTokenFromCode (D:\traenewfile\Book Yoga Trial Class\node_modules\@babel\parser\src\plugins\typescript\index.ts:4138:13)
    at TypeScriptParserMixin.nextToken (D:\traenewfile\Book Yoga Trial Class\node_modules\@babel\parser\src\tokenizer\index.ts:279:10)
    at TypeScriptParserMixin.next (D:\traenewfile\Book Yoga Trial Class\node_modules\@babel\parser\src\tokenizer\index.ts:122:10)
    at TypeScriptParserMixin.eat (D:\traenewfile\Book Yoga Trial Class\node_modules\@babel\parser\src\tokenizer\index.ts:127:12)
    at TypeScriptParserMixin.expect (D:\traenewfile\Book Yoga Trial Class\node_modules\@babel\parser\src\parser\util.ts:156:15)
    at TypeScriptParserMixin.jsxParseClosingElementAt (D:\traenewfile\Book Yoga Trial Class\node_modules\@babel\parser\src\plugins\jsx\index.ts:460:12)
    at TypeScriptParserMixin.jsxParseElementAt (D:\traenewfile\Book Yoga Trial Class\node_modules\@babel\parser\src\plugins\jsx\index.ts:480:39)
    at TypeScriptParserMixin.jsxParseElementAt (D:\traenewfile\Book Yoga Trial Class\node_modules\@babel\parser\src\plugins\jsx\index.ts:483:34)
    at TypeScriptParserMixin.jsxParseElement (D:\traenewfile\Book Yoga Trial Class\node_modules\@babel\parser\src\plugins\jsx\index.ts:559:19)
    at TypeScriptParserMixin.parseExprAtom (D:\traenewfile\Book Yoga Trial Class\node_modules\@babel\parser\src\plugins\jsx\index.ts:573:21)
    at TypeScriptParserMixin.parseExprSubscripts (D:\traenewfile\Book Yoga Trial Class\node_modules\@babel\parser\src\parser\expression.ts:742:23)
    at TypeScriptParserMixin.parseUpdate (D:\traenewfile\Book Yoga Trial Class\node_modules\@babel\parser\src\parser\expression.ts:721:21)
    at TypeScriptParserMixin.parseMaybeUnary (D:\traenewfile\Book Yoga Trial Class\node_modules\@babel\parser\src\parser\expression.ts:683:23)
    at TypeScriptParserMixin.parseMaybeUnary (D:\traenewfile\Book Yoga Trial Class\node_modules\@babel\parser\src\plugins\typescript\index.ts:3893:20)
    at TypeScriptParserMixin.parseMaybeUnaryOrPrivate (D:\traenewfile\Book Yoga Trial Class\node_modules\@babel\parser\src\parser\expression.ts:417:14)
    at TypeScriptParserMixin.parseExprOps (D:\traenewfile\Book Yoga Trial Class\node_modules\@babel\parser\src\parser\expression.ts:429:23)
    at TypeScriptParserMixin.parseMaybeConditional (D:\traenewfile\Book Yoga Trial Class\node_modules\@babel\parser\src\parser\expression.ts:384:23)
    at TypeScriptParserMixin.parseMaybeAssign (D:\traenewfile\Book Yoga Trial Class\node_modules\@babel\parser\src\parser\expression.ts:301:21)
    at fn (D:\traenewfile\Book Yoga Trial Class\node_modules\@babel\parser\src\plugins\typescript\index.ts:3745:23)
    at TypeScriptParserMixin.tryParse (D:\traenewfile\Book Yoga Trial Class\node_modules\@babel\parser\src\parser\util.ts:174:20)
    at TypeScriptParserMixin.parseMaybeAssign (D:\traenewfile\Book Yoga Trial Class\node_modules\@babel\parser\src\plugins\typescript\index.ts:3744:20)
    at callback (D:\traenewfile\Book Yoga Trial Class\node_modules\@babel\parser\src\parser\expression.ts:257:12)
    at TypeScriptParserMixin.allowInAnd (D:\traenewfile\Book Yoga Trial Class\node_modules\@babel\parser\src\parser\expression.ts:3197:12)
    at TypeScriptParserMixin.parseMaybeAssignAllowIn (D:\traenewfile\Book Yoga Trial Class\node_modules\@babel\parser\src\parser\expression.ts:256:17)
    at TypeScriptParserMixin.parseMaybeAssignAllowInOrVoidPattern (D:\traenewfile\Book Yoga Trial Class\node_modules\@babel\parser\src\parser\expression.ts:3311:17)
    at TypeScriptParserMixin.parseParenAndDistinguishExpression (D:\traenewfile\Book Yoga Trial Class\node_modules\@babel\parser\src\parser\expression.ts:1825:16)
    at TypeScriptParserMixin.parseExprAtom (D:\traenewfile\Book Yoga Trial Class\node_modules\@babel\parser\src\parser\expression.ts:1170:21)
    at TypeScriptParserMixin.parseExprAtom (D:\traenewfile\Book Yoga Trial Class\node_modules\@babel\parser\src\plugins\jsx\index.ts:583:22)
    at TypeScriptParserMixin.parseExprSubscripts (D:\traenewfile\Book Yoga Trial Class\node_modules\@babel\parser\src\parser\expression.ts:742:23)
    at TypeScriptParserMixin.parseUpdate (D:\traenewfile\Book Yoga Trial Class\node_modules\@babel\parser\src\parser\expression.ts:721:21)
    at TypeScriptParserMixin.parseMaybeUnary (D:\traenewfile\Book Yoga Trial Class\node_modules\@babel\parser\src\parser\expression.ts:683:23)
    at TypeScriptParserMixin.parseMaybeUnary (D:\traenewfile\Book Yoga Trial Class\node_modules\@babel\parser\src\plugins\typescript\index.ts:3893:20)
    at TypeScriptParserMixin.parseMaybeUnaryOrPrivate (D:\traenewfile\Book Yoga Trial Class\node_modules\@babel\parser\src\parser\expression.ts:417:14)
    at TypeScriptParserMixin.parseExprOps (D:\traenewfile\Book Yoga Trial Class\node_modules\@babel\parser\src\parser\expression.ts:429:23)
    at TypeScriptParserMixin.parseMaybeConditional (D:\traenewfile\Book Yoga Trial Class\node_modules\@babel\parser\src\parser\expression.ts:384:23)
    at TypeScriptParserMixin.parseMaybeAssign (D:\traenewfile\Book Yoga Trial Class\node_modules\@babel\parser\src\parser\expression.ts:301:21)
    at TypeScriptParserMixin.parseMaybeAssign (D:\traenewfile\Book Yoga Trial Class\node_modules\@babel\parser\src\plugins\typescript\index.ts:3764:22)
    at TypeScriptParserMixin.parseExpressionBase (D:\traenewfile\Book Yoga Trial Class\node_modules\@babel\parser\src\parser\expression.ts:226:23)
    at callback (D:\traenewfile\Book Yoga Trial Class\node_modules\@babel\parser\src\parser\expression.ts:217:39)
    at TypeScriptParserMixin.allowInAnd (D:\traenewfile\Book Yoga Trial Class\node_modules\@babel\parser\src\parser\expression.ts:3192:16)
    at TypeScriptParserMixin.parseExpression (D:\traenewfile\Book Yoga Trial Class\node_modules\@babel\parser\src\parser\expression.ts:217:17)
    at TypeScriptParserMixin.parseReturnStatement (D:\traenewfile\Book Yoga Trial Class\node_modules\@babel\parser\src\parser\statement.ts:1115:28)
    at TypeScriptParserMixin.parseStatementContent (D:\traenewfile\Book Yoga Trial Class\node_modules\@babel\parser\src\parser\statement.ts:543:21)
    at TypeScriptParserMixin.parseStatementContent (D:\traenewfile\Book Yoga Trial Class\node_modules\@babel\parser\src\plugins\typescript\index.ts:3220:20)
    at TypeScriptParserMixin.parseStatementLike (D:\traenewfile\Book Yoga Trial Class\node_modules\@babel\parser\src\parser\statement.ts:482:17)
    at TypeScriptParserMixin.parseStatementListItem (D:\traenewfile\Book Yoga Trial Class\node_modules\@babel\parser\src\parser\statement.ts:431:17)
 @ ./src/app.config.ts 76:15-46

webpack 5.78.0 compiled with [1m[31m1 error[39m[22m in 1130 ms
→ Watching... [2026/6/15 11:07:24]

assets by status 33.9 MiB [1m[32m[cached][39m[22m 13 assets
assets by status 12.1 MiB [1m[32m[emitted][39m[22m
  assets by path [1m[32mjs/*.js[39m[22m 9.25 MiB
    asset [1m[32mjs/app.e41d246e.js[39m[22m 5.05 MiB [1m[32m[emitted][39m[22m [1m[32m[immutable][39m[22m (name: app)
    asset [1m[32mjs/src_pages_courses_index_tsx.11952090.js[39m[22m 2.86 MiB [1m[32m[emitted][39m[22m [1m[32m[immutable][39m[22m
    asset [1m[32mjs/taro.e41d246e.js[39m[22m 1.29 MiB [1m[32m[emitted][39m[22m [1m[32m[immutable][39m[22m (name: taro) (id hint: taro)
    asset [1m[32mjs/runtime.e41d246e.js[39m[22m 49.6 KiB [1m[32m[emitted][39m[22m [1m[32m[immutable][39m[22m (name: runtime)
  assets by info 2.87 MiB [1m[32m[hmr][39m[22m
    asset [1m[32msrc_pages_courses_index_tsx.36df4e77950c98209a7c.hot-update.js[39m[22m 2.86 MiB [1m[32m[emitted][39m[22m [1m[32m[immutable][39m[22m [1m[32m[hmr][39m[22m
    asset [1m[32mruntime.36df4e77950c98209a7c.hot-update.js[39m[22m 1.81 KiB [1m[32m[emitted][39m[22m [1m[32m[immutable][39m[22m [1m[32m[hmr][39m[22m (name: runtime)
    asset [1m[32mruntime.36df4e77950c98209a7c.hot-update.json[39m[22m 61 bytes [1m[32m[emitted][39m[22m [1m[32m[immutable][39m[22m [1m[32m[hmr][39m[22m
  asset [1m[32mindex.html[39m[22m 1.44 KiB [1m[32m[emitted][39m[22m
Entrypoint [1mapp[39m[22m 6.39 MiB = [1m[32mjs/runtime.e41d246e.js[39m[22m 49.6 KiB [1m[32mruntime.36df4e77950c98209a7c.hot-update.js[39m[22m 1.81 KiB [1m[32mjs/taro.e41d246e.js[39m[22m 1.29 MiB [1m[32mjs/app.e41d246e.js[39m[22m 5.05 MiB
cached modules 5.71 MiB [1m[32m[cached][39m[22m 779 modules
runtime modules 32.9 KiB 18 modules
javascript modules 19.5 KiB
  [1m./src/app.config.ts[39m[22m 7.2 KiB [1m[33m[code generated][39m[22m
  [1m./src/pages/courses/index.tsx[39m[22m 12.3 KiB [1m[33m[built][39m[22m [1m[33m[code generated][39m[22m
webpack 5.78.0 compiled [1m[32msuccessfully[39m[22m in 775 ms
→ Watching... [2026/6/15 11:07:31]

assets by status 33.9 MiB [1m[32m[cached][39m[22m 13 assets
assets by status 9.3 MiB [1m[32m[emitted][39m[22m
  assets by path [1m[32mjs/*.js[39m[22m 9.25 MiB
    asset [1m[32mjs/app.fd100e0d.js[39m[22m 5.05 MiB [1m[32m[emitted][39m[22m [1m[32m[immutable][39m[22m (name: app)
    asset [1m[32mjs/src_pages_courses_index_tsx.9fbe0218.js[39m[22m 2.86 MiB [1m[32m[emitted][39m[22m [1m[32m[immutable][39m[22m
    asset [1m[32mjs/taro.fd100e0d.js[39m[22m 1.29 MiB [1m[32m[emitted][39m[22m [1m[32m[immutable][39m[22m (name: taro) (id hint: taro)
    asset [1m[32mjs/runtime.fd100e0d.js[39m[22m 49.6 KiB [1m[32m[emitted][39m[22m [1m[32m[immutable][39m[22m (name: runtime)
  assets by info 55.5 KiB [1m[32m[hmr][39m[22m
    asset [1m[32msrc_pages_courses_index_tsx.e41d246e6a7cb847d5e1.hot-update.js[39m[22m 53.6 KiB [1m[32m[emitted][39m[22m [1m[32m[immutable][39m[22m [1m[32m[hmr][39m[22m
    asset [1m[32mruntime.e41d246e6a7cb847d5e1.hot-update.js[39m[22m 1.81 KiB [1m[32m[emitted][39m[22m [1m[32m[immutable][39m[22m [1m[32m[hmr][39m[22m (name: runtime)
    asset [1m[32mruntime.e41d246e6a7cb847d5e1.hot-update.json[39m[22m 61 bytes [1m[32m[emitted][39m[22m [1m[32m[immutable][39m[22m [1m[32m[hmr][39m[22m
  asset [1m[32mindex.html[39m[22m 1.44 KiB [1m[32m[emitted][39m[22m
Entrypoint [1mapp[39m[22m 6.39 MiB = [1m[32mjs/runtime.fd100e0d.js[39m[22m 49.6 KiB [1m[32mruntime.e41d246e6a7cb847d5e1.hot-update.js[39m[22m 1.81 KiB [1m[32mjs/taro.fd100e0d.js[39m[22m 1.29 MiB [1m[32mjs/app.fd100e0d.js[39m[22m 5.05 MiB
cached modules 5.71 MiB [1m[32m[cached][39m[22m 780 modules
runtime modules 32.9 KiB 18 modules
./node_modules/css-loader/dist/cjs.js??ruleSet[1].rules[2].oneOf[0].use[0]!./node_modules/postcss-loader/dist/cjs.js??ruleSet[1].rules[3].use[0]!./node_modules/resolve-url-loader/index.js!./node_modules/sass-loader/dist/cjs.js??ruleSet[1].rules[5].use[1]![1m./src/pages/courses/index.module.scss[39m[22m 20.2 KiB [1m[33m[built][39m[22m [1m[33m[code generated][39m[22m
webpack 5.78.0 compiled [1m[32msuccessfully[39m[22m in 439 ms
→ Watching... [2026/6/15 11:07:39]

assets by status 33.9 MiB [1m[32m[cached][39m[22m 13 assets
assets by status 9.3 MiB [1m[32m[emitted][39m[22m
  assets by path [1m[32mjs/*.js[39m[22m 9.25 MiB
    asset [1m[32mjs/app.6a0148af.js[39m[22m 5.05 MiB [1m[32m[emitted][39m[22m [1m[32m[immutable][39m[22m (name: app)
    asset [1m[32mjs/src_pages_courses_index_tsx.0219ae76.js[39m[22m 2.86 MiB [1m[32m[emitted][39m[22m [1m[32m[immutable][39m[22m
    asset [1m[32mjs/taro.6a0148af.js[39m[22m 1.29 MiB [1m[32m[emitted][39m[22m [1m[32m[immutable][39m[22m (name: taro) (id hint: taro)
    asset [1m[32mjs/runtime.6a0148af.js[39m[22m 49.6 KiB [1m[32m[emitted][39m[22m [1m[32m[immutable][39m[22m (name: runtime)
  assets by info 55 KiB [1m[32m[hmr][39m[22m
    asset [1m[32msrc_pages_courses_index_tsx.fd100e0d1066a6e289c1.hot-update.js[39m[22m 53.1 KiB [1m[32m[emitted][39m[22m [1m[32m[immutable][39m[22m [1m[32m[hmr][39m[22m
    asset [1m[32mruntime.fd100e0d1066a6e289c1.hot-update.js[39m[22m 1.81 KiB [1m[32m[emitted][39m[22m [1m[32m[immutable][39m[22m [1m[32m[hmr][39m[22m (name: runtime)
    asset [1m[32mruntime.fd100e0d1066a6e289c1.hot-update.json[39m[22m 61 bytes [1m[32m[emitted][39m[22m [1m[32m[immutable][39m[22m [1m[32m[hmr][39m[22m
  asset [1m[32mindex.html[39m[22m 1.44 KiB [1m[32m[emitted][39m[22m
Entrypoint [1mapp[39m[22m 6.39 MiB = [1m[32mjs/runtime.6a0148af.js[39m[22m 49.6 KiB [1m[32mruntime.fd100e0d1066a6e289c1.hot-update.js[39m[22m 1.81 KiB [1m[32mjs/taro.6a0148af.js[39m[22m 1.29 MiB [1m[32mjs/app.6a0148af.js[39m[22m 5.05 MiB
cached modules 5.71 MiB [1m[32m[cached][39m[22m 780 modules
runtime modules 32.9 KiB 18 modules
./node_modules/css-loader/dist/cjs.js??ruleSet[1].rules[2].oneOf[0].use[0]!./node_modules/postcss-loader/dist/cjs.js??ruleSet[1].rules[3].use[0]!./node_modules/resolve-url-loader/index.js!./node_modules/sass-loader/dist/cjs.js??ruleSet[1].rules[5].use[1]![1m./src/pages/courses/index.module.scss[39m[22m 20 KiB [1m[33m[built][39m[22m [1m[33m[code generated][39m[22m
webpack 5.78.0 compiled [1m[32msuccessfully[39m[22m in 843 ms
→ Watching... [2026/6/15 11:07:55]

assets by status 34 MiB [1m[32m[cached][39m[22m 13 assets
assets by status 9.18 MiB [1m[32m[emitted][39m[22m
  assets by path [1m[32mjs/*.js[39m[22m 9.14 MiB
    asset [1m[32mjs/app.d2a32b46.js[39m[22m 5.05 MiB [1m[32m[emitted][39m[22m [1m[32m[immutable][39m[22m (name: app)
    asset [1m[32mjs/src_pages_booking-success_index_tsx.3f5d6fbc.js[39m[22m 2.76 MiB [1m[32m[emitted][39m[22m [1m[32m[immutable][39m[22m
    asset [1m[32mjs/taro.d2a32b46.js[39m[22m 1.29 MiB [1m[32m[emitted][39m[22m [1m[32m[immutable][39m[22m (name: taro) (id hint: taro)
    asset [1m[32mjs/runtime.d2a32b46.js[39m[22m 49.6 KiB [1m[32m[emitted][39m[22m [1m[32m[immutable][39m[22m (name: runtime)
  assets by info 37.8 KiB [1m[32m[hmr][39m[22m
    asset [1m[32msrc_pages_booking-success_index_tsx.6a0148af857ff9e3aeb6.hot-update.js[39m[22m 35.9 KiB [1m[32m[emitted][39m[22m [1m[32m[immutable][39m[22m [1m[32m[hmr][39m[22m
    asset [1m[32mruntime.6a0148af857ff9e3aeb6.hot-update.js[39m[22m 1.81 KiB [1m[32m[emitted][39m[22m [1m[32m[immutable][39m[22m [1m[32m[hmr][39m[22m (name: runtime)
    asset [1m[32mruntime.6a0148af857ff9e3aeb6.hot-update.json[39m[22m 69 bytes [1m[32m[emitted][39m[22m [1m[32m[immutable][39m[22m [1m[32m[hmr][39m[22m
  asset [1m[32mindex.html[39m[22m 1.44 KiB [1m[32m[emitted][39m[22m
Entrypoint [1mapp[39m[22m 6.39 MiB = [1m[32mjs/runtime.d2a32b46.js[39m[22m 49.6 KiB [1m[32mruntime.6a0148af857ff9e3aeb6.hot-update.js[39m[22m 1.81 KiB [1m[32mjs/taro.d2a32b46.js[39m[22m 1.29 MiB [1m[32mjs/app.d2a32b46.js[39m[22m 5.05 MiB
cached modules 5.72 MiB [1m[32m[cached][39m[22m 780 modules
runtime modules 32.9 KiB 18 modules
[1m./src/pages/booking-success/index.tsx[39m[22m 9.48 KiB [1m[33m[built][39m[22m [1m[33m[code generated][39m[22m
webpack 5.78.0 compiled [1m[32msuccessfully[39m[22m in 897 ms
✖ Errors: 

ModuleBuildError: Module build failed (from ./node_modules/babel-loader/lib/index.js):
SyntaxError: D:\traenewfile\Book Yoga Trial Class\src\pages\courses\index.tsx: Unterminated JSX contents. (266:11)

[0m [90m 264 |[39m         )}
 [90m 265 |[39m       [33m<[39m[33m/[39m[33mScrollView[39m[33m>[39m
[31m[1m>[22m[39m[90m 266 |[39m     [33m<[39m[33m/[39m[33mView[39m[33m>[39m
 [90m     |[39m            [31m[1m^[22m[39m
 [90m 267 |[39m   )[33m;[39m
 [90m 268 |[39m }[33m;[39m
 [90m 269 |[39m[0m

→ Watching... [2026/6/15 11:10:16]

ModuleBuildError: Module build failed (from ./node_modules/babel-loader/lib/index.js):
SyntaxError: D:\traenewfile\Book Yoga Trial Class\src\pages\courses\index.tsx: Unterminated JSX contents. (266:11)

[0m [90m 264 |[39m         )}
 [90m 265 |[39m       [33m<[39m[33m/[39m[33mScrollView[39m[33m>[39m
[31m[1m>[22m[39m[90m 266 |[39m     [33m<[39m[33m/[39m[33mView[39m[33m>[39m
 [90m     |[39m            [31m[1m^[22m[39m
 [90m 267 |[39m   )[33m;[39m
 [90m 268 |[39m }[33m;[39m
 [90m 269 |[39m[0m

assets by status 33.9 MiB [1m[32m[cached][39m[22m 14 assets
assets by status 6.4 MiB [1m[32m[emitted][39m[22m
  assets by path [1m[32mjs/*.js[39m[22m 6.38 MiB
    asset [1m[32mjs/app.9c4de0f7.js[39m[22m 5.05 MiB [1m[32m[emitted][39m[22m [1m[32m[immutable][39m[22m (name: app)
    asset [1m[32mjs/taro.9c4de0f7.js[39m[22m 1.29 MiB [1m[32m[emitted][39m[22m [1m[32m[immutable][39m[22m (name: taro) (id hint: taro)
    asset [1m[32mjs/runtime.9c4de0f7.js[39m[22m 49.6 KiB [1m[32m[emitted][39m[22m [1m[32m[immutable][39m[22m (name: runtime)
  assets by info 11.2 KiB [1m[32m[hmr][39m[22m
    asset [1m[32msrc_pages_courses_index_tsx.d2a32b461307d3526f2d.hot-update.js[39m[22m 8.97 KiB [1m[32m[emitted][39m[22m [1m[32m[immutable][39m[22m [1m[32m[hmr][39m[22m
    asset [1m[32mruntime.d2a32b461307d3526f2d.hot-update.js[39m[22m 1.81 KiB [1m[32m[emitted][39m[22m [1m[32m[immutable][39m[22m [1m[32m[hmr][39m[22m (name: runtime)
    asset [1m[32mruntime.d2a32b461307d3526f2d.hot-update.json[39m[22m 395 bytes [1m[32m[emitted][39m[22m [1m[32m[immutable][39m[22m [1m[32m[hmr][39m[22m
  asset [1m[32mindex.html[39m[22m 1.44 KiB [1m[32m[emitted][39m[22m
Entrypoint [1mapp[39m[22m 6.39 MiB = [1m[32mjs/runtime.9c4de0f7.js[39m[22m 49.6 KiB [1m[32mruntime.d2a32b461307d3526f2d.hot-update.js[39m[22m 1.81 KiB [1m[32mjs/taro.9c4de0f7.js[39m[22m 1.29 MiB [1m[32mjs/app.9c4de0f7.js[39m[22m 5.05 MiB
cached modules 5.68 MiB [1m[32m[cached][39m[22m 777 modules
runtime modules 32.9 KiB 18 modules
javascript modules 7.24 KiB
  [1m./src/app.config.ts[39m[22m 7.2 KiB [1m[33m[code generated][39m[22m
  [1m./src/pages/courses/index.tsx[39m[22m 39 bytes [1m[33m[built][39m[22m [1m[33m[code generated][39m[22m [1m[31m[1 error][39m[22m

[1m[31mERROR[39m[22m in [1m./src/pages/courses/index.tsx[39m[22m
Module build failed (from ./node_modules/babel-loader/lib/index.js):
SyntaxError: D:\traenewfile\Book Yoga Trial Class\src\pages\courses\index.tsx: Unterminated JSX contents. (266:11)

[0m [90m 264 |[39m         )}
 [90m 265 |[39m       [33m<[39m[33m/[39m[33mScrollView[39m[33m>[39m
[31m[1m>[22m[39m[90m 266 |[39m     [33m<[39m[33m/[39m[33mView[39m[33m>[39m
 [90m     |[39m            [31m[1m^[22m[39m
 [90m 267 |[39m   )[33m;[39m
 [90m 268 |[39m }[33m;[39m
 [90m 269 |[39m[0m
    at toParseError (D:\traenewfile\Book Yoga Trial Class\node_modules\@babel\parser\src\parse-error.ts:95:45)
    at TypeScriptParserMixin.raise (D:\traenewfile\Book Yoga Trial Class\node_modules\@babel\parser\src\tokenizer\index.ts:1504:19)
    at TypeScriptParserMixin.jsxReadToken (D:\traenewfile\Book Yoga Trial Class\node_modules\@babel\parser\src\plugins\jsx\index.ts:104:22)
    at TypeScriptParserMixin.getTokenFromCode (D:\traenewfile\Book Yoga Trial Class\node_modules\@babel\parser\src\plugins\jsx\index.ts:596:14)
    at TypeScriptParserMixin.getTokenFromCode (D:\traenewfile\Book Yoga Trial Class\node_modules\@babel\parser\src\plugins\typescript\index.ts:4138:13)
    at TypeScriptParserMixin.nextToken (D:\traenewfile\Book Yoga Trial Class\node_modules\@babel\parser\src\tokenizer\index.ts:279:10)
    at TypeScriptParserMixin.next (D:\traenewfile\Book Yoga Trial Class\node_modules\@babel\parser\src\tokenizer\index.ts:122:10)
    at TypeScriptParserMixin.eat (D:\traenewfile\Book Yoga Trial Class\node_modules\@babel\parser\src\tokenizer\index.ts:127:12)
    at TypeScriptParserMixin.expect (D:\traenewfile\Book Yoga Trial Class\node_modules\@babel\parser\src\parser\util.ts:156:15)
    at TypeScriptParserMixin.jsxParseClosingElementAt (D:\traenewfile\Book Yoga Trial Class\node_modules\@babel\parser\src\plugins\jsx\index.ts:460:12)
    at TypeScriptParserMixin.jsxParseElementAt (D:\traenewfile\Book Yoga Trial Class\node_modules\@babel\parser\src\plugins\jsx\index.ts:480:39)
    at TypeScriptParserMixin.jsxParseElementAt (D:\traenewfile\Book Yoga Trial Class\node_modules\@babel\parser\src\plugins\jsx\index.ts:483:34)
    at TypeScriptParserMixin.jsxParseElement (D:\traenewfile\Book Yoga Trial Class\node_modules\@babel\parser\src\plugins\jsx\index.ts:559:19)
    at TypeScriptParserMixin.parseExprAtom (D:\traenewfile\Book Yoga Trial Class\node_modules\@babel\parser\src\plugins\jsx\index.ts:573:21)
    at TypeScriptParserMixin.parseExprSubscripts (D:\traenewfile\Book Yoga Trial Class\node_modules\@babel\parser\src\parser\expression.ts:742:23)
    at TypeScriptParserMixin.parseUpdate (D:\traenewfile\Book Yoga Trial Class\node_modules\@babel\parser\src\parser\expression.ts:721:21)
    at TypeScriptParserMixin.parseMaybeUnary (D:\traenewfile\Book Yoga Trial Class\node_modules\@babel\parser\src\parser\expression.ts:683:23)
    at TypeScriptParserMixin.parseMaybeUnary (D:\traenewfile\Book Yoga Trial Class\node_modules\@babel\parser\src\plugins\typescript\index.ts:3893:20)
    at TypeScriptParserMixin.parseMaybeUnaryOrPrivate (D:\traenewfile\Book Yoga Trial Class\node_modules\@babel\parser\src\parser\expression.ts:417:14)
    at TypeScriptParserMixin.parseExprOps (D:\traenewfile\Book Yoga Trial Class\node_modules\@babel\parser\src\parser\expression.ts:429:23)
    at TypeScriptParserMixin.parseMaybeConditional (D:\traenewfile\Book Yoga Trial Class\node_modules\@babel\parser\src\parser\expression.ts:384:23)
    at TypeScriptParserMixin.parseMaybeAssign (D:\traenewfile\Book Yoga Trial Class\node_modules\@babel\parser\src\parser\expression.ts:301:21)
    at fn (D:\traenewfile\Book Yoga Trial Class\node_modules\@babel\parser\src\plugins\typescript\index.ts:3745:23)
    at TypeScriptParserMixin.tryParse (D:\traenewfile\Book Yoga Trial Class\node_modules\@babel\parser\src\parser\util.ts:174:20)
    at TypeScriptParserMixin.parseMaybeAssign (D:\traenewfile\Book Yoga Trial Class\node_modules\@babel\parser\src\plugins\typescript\index.ts:3744:20)
    at callback (D:\traenewfile\Book Yoga Trial Class\node_modules\@babel\parser\src\parser\expression.ts:257:12)
    at TypeScriptParserMixin.allowInAnd (D:\traenewfile\Book Yoga Trial Class\node_modules\@babel\parser\src\parser\expression.ts:3197:12)
    at TypeScriptParserMixin.parseMaybeAssignAllowIn (D:\traenewfile\Book Yoga Trial Class\node_modules\@babel\parser\src\parser\expression.ts:256:17)
    at TypeScriptParserMixin.parseMaybeAssignAllowInOrVoidPattern (D:\traenewfile\Book Yoga Trial Class\node_modules\@babel\parser\src\parser\expression.ts:3311:17)
    at TypeScriptParserMixin.parseParenAndDistinguishExpression (D:\traenewfile\Book Yoga Trial Class\node_modules\@babel\parser\src\parser\expression.ts:1825:16)
    at TypeScriptParserMixin.parseExprAtom (D:\traenewfile\Book Yoga Trial Class\node_modules\@babel\parser\src\parser\expression.ts:1170:21)
    at TypeScriptParserMixin.parseExprAtom (D:\traenewfile\Book Yoga Trial Class\node_modules\@babel\parser\src\plugins\jsx\index.ts:583:22)
    at TypeScriptParserMixin.parseExprSubscripts (D:\traenewfile\Book Yoga Trial Class\node_modules\@babel\parser\src\parser\expression.ts:742:23)
    at TypeScriptParserMixin.parseUpdate (D:\traenewfile\Book Yoga Trial Class\node_modules\@babel\parser\src\parser\expression.ts:721:21)
    at TypeScriptParserMixin.parseMaybeUnary (D:\traenewfile\Book Yoga Trial Class\node_modules\@babel\parser\src\parser\expression.ts:683:23)
    at TypeScriptParserMixin.parseMaybeUnary (D:\traenewfile\Book Yoga Trial Class\node_modules\@babel\parser\src\plugins\typescript\index.ts:3893:20)
    at TypeScriptParserMixin.parseMaybeUnaryOrPrivate (D:\traenewfile\Book Yoga Trial Class\node_modules\@babel\parser\src\parser\expression.ts:417:14)
    at TypeScriptParserMixin.parseExprOps (D:\traenewfile\Book Yoga Trial Class\node_modules\@babel\parser\src\parser\expression.ts:429:23)
    at TypeScriptParserMixin.parseMaybeConditional (D:\traenewfile\Book Yoga Trial Class\node_modules\@babel\parser\src\parser\expression.ts:384:23)
    at TypeScriptParserMixin.parseMaybeAssign (D:\traenewfile\Book Yoga Trial Class\node_modules\@babel\parser\src\parser\expression.ts:301:21)
    at TypeScriptParserMixin.parseMaybeAssign (D:\traenewfile\Book Yoga Trial Class\node_modules\@babel\parser\src\plugins\typescript\index.ts:3764:22)
    at TypeScriptParserMixin.parseExpressionBase (D:\traenewfile\Book Yoga Trial Class\node_modules\@babel\parser\src\parser\expression.ts:226:23)
    at callback (D:\traenewfile\Book Yoga Trial Class\node_modules\@babel\parser\src\parser\expression.ts:217:39)
    at TypeScriptParserMixin.allowInAnd (D:\traenewfile\Book Yoga Trial Class\node_modules\@babel\parser\src\parser\expression.ts:3192:16)
    at TypeScriptParserMixin.parseExpression (D:\traenewfile\Book Yoga Trial Class\node_modules\@babel\parser\src\parser\expression.ts:217:17)
    at TypeScriptParserMixin.parseReturnStatement (D:\traenewfile\Book Yoga Trial Class\node_modules\@babel\parser\src\parser\statement.ts:1115:28)
    at TypeScriptParserMixin.parseStatementContent (D:\traenewfile\Book Yoga Trial Class\node_modules\@babel\parser\src\parser\statement.ts:543:21)
    at TypeScriptParserMixin.parseStatementContent (D:\traenewfile\Book Yoga Trial Class\node_modules\@babel\parser\src\plugins\typescript\index.ts:3220:20)
    at TypeScriptParserMixin.parseStatementLike (D:\traenewfile\Book Yoga Trial Class\node_modules\@babel\parser\src\parser\statement.ts:482:17)
    at TypeScriptParserMixin.parseStatementListItem (D:\traenewfile\Book Yoga Trial Class\node_modules\@babel\parser\src\parser\statement.ts:431:17)
 @ ./src/app.config.ts 76:15-46

webpack 5.78.0 compiled with [1m[31m1 error[39m[22m in 643 ms
→ Watching... [2026/6/15 11:10:55]

assets by status 36.8 MiB [1m[32m[cached][39m[22m 14 assets
assets by status 9.25 MiB [1m[32m[emitted][39m[22m
  assets by path [1m[32mjs/*.js[39m[22m 6.38 MiB
    asset [1m[32mjs/app.81c9839b.js[39m[22m 5.05 MiB [1m[32m[emitted][39m[22m [1m[32m[immutable][39m[22m (name: app)
    asset [1m[32mjs/taro.81c9839b.js[39m[22m 1.29 MiB [1m[32m[emitted][39m[22m [1m[32m[immutable][39m[22m (name: taro) (id hint: taro)
    asset [1m[32mjs/runtime.81c9839b.js[39m[22m 49.6 KiB [1m[32m[emitted][39m[22m [1m[32m[immutable][39m[22m (name: runtime)
  assets by info 2.87 MiB [1m[32m[hmr][39m[22m
    asset [1m[32msrc_pages_courses_index_tsx.9c4de0f71b77cb6ffb63.hot-update.js[39m[22m 2.86 MiB [1m[32m[emitted][39m[22m [1m[32m[immutable][39m[22m [1m[32m[hmr][39m[22m
    asset [1m[32mruntime.9c4de0f71b77cb6ffb63.hot-update.js[39m[22m 1.81 KiB [1m[32m[emitted][39m[22m [1m[32m[immutable][39m[22m [1m[32m[hmr][39m[22m (name: runtime)
    asset [1m[32mruntime.9c4de0f71b77cb6ffb63.hot-update.json[39m[22m 61 bytes [1m[32m[emitted][39m[22m [1m[32m[immutable][39m[22m [1m[32m[hmr][39m[22m
  asset [1m[32mindex.html[39m[22m 1.44 KiB [1m[32m[emitted][39m[22m
Entrypoint [1mapp[39m[22m 6.39 MiB = [1m[32mjs/runtime.81c9839b.js[39m[22m 49.6 KiB [1m[32mruntime.9c4de0f71b77cb6ffb63.hot-update.js[39m[22m 1.81 KiB [1m[32mjs/taro.81c9839b.js[39m[22m 1.29 MiB [1m[32mjs/app.81c9839b.js[39m[22m 5.05 MiB
cached modules 5.71 MiB [1m[32m[cached][39m[22m 779 modules
runtime modules 32.9 KiB 18 modules
javascript modules 19.5 KiB
  [1m./src/app.config.ts[39m[22m 7.2 KiB [1m[33m[code generated][39m[22m
  [1m./src/pages/courses/index.tsx[39m[22m 12.3 KiB [1m[33m[built][39m[22m [1m[33m[code generated][39m[22m
webpack 5.78.0 compiled [1m[32msuccessfully[39m[22m in 517 ms
→ Watching... [2026/6/15 12:13:47]

assets by status 22.7 MiB [1m[32m[cached][39m[22m 9 assets
assets by info 20.6 MiB [1m[32m[immutable][39m[22m
  assets by path [1m[32mjs/*.js[39m[22m 20.5 MiB
    asset [1m[32mjs/app.6575e517.js[39m[22m 5.05 MiB [1m[32m[emitted][39m[22m [1m[32m[immutable][39m[22m (name: app)
    asset [1m[32mjs/src_pages_booking-form_index_tsx.d0882608.js[39m[22m 2.87 MiB [1m[32m[emitted][39m[22m [1m[32m[immutable][39m[22m
    asset [1m[32mjs/src_pages_orders_index_tsx.ed906cc7.js[39m[22m 2.87 MiB [1m[32m[emitted][39m[22m [1m[32m[immutable][39m[22m
    asset [1m[32mjs/src_pages_order-detail_index_tsx.2f345b9a.js[39m[22m 2.81 MiB [1m[32m[emitted][39m[22m [1m[32m[immutable][39m[22m
    + 4 assets
  assets by info 91.4 KiB [1m[32m[hmr][39m[22m
    asset [1m[32msrc_pages_booking-success_index_tsx.81c9839b35cdb8dd7736.hot-update.js[39m[22m 17.9 KiB [1m[32m[emitted][39m[22m [1m[32m[immutable][39m[22m [1m[32m[hmr][39m[22m
    asset [1m[32msrc_pages_booking-form_index_tsx.81c9839b35cdb8dd7736.hot-update.js[39m[22m 17.9 KiB [1m[32m[emitted][39m[22m [1m[32m[immutable][39m[22m [1m[32m[hmr][39m[22m
    asset [1m[32msrc_pages_order-detail_index_tsx.81c9839b35cdb8dd7736.hot-update.js[39m[22m 17.9 KiB [1m[32m[emitted][39m[22m [1m[32m[immutable][39m[22m [1m[32m[hmr][39m[22m
    asset [1m[32msrc_pages_orders_index_tsx.81c9839b35cdb8dd7736.hot-update.js[39m[22m 17.9 KiB [1m[32m[emitted][39m[22m [1m[32m[immutable][39m[22m [1m[32m[hmr][39m[22m
    + 3 assets
asset [1m[32mindex.html[39m[22m 1.44 KiB [1m[32m[emitted][39m[22m
Entrypoint [1mapp[39m[22m 6.39 MiB = [1m[32mjs/runtime.6575e517.js[39m[22m 49.6 KiB [1m[32mruntime.81c9839b35cdb8dd7736.hot-update.js[39m[22m 1.81 KiB [1m[32mjs/taro.6575e517.js[39m[22m 1.29 MiB [1m[32mjs/app.6575e517.js[39m[22m 5.05 MiB
cached modules 5.72 MiB [1m[32m[cached][39m[22m 780 modules
runtime modules 32.9 KiB 18 modules
[1m./src/data/orders.ts[39m[22m 5.88 KiB [1m[33m[built][39m[22m [1m[33m[code generated][39m[22m
webpack 5.78.0 compiled [1m[32msuccessfully[39m[22m in 1543 ms
→ Watching... [2026/6/15 12:14:51]

assets by status 22.7 MiB [1m[32m[cached][39m[22m 9 assets
assets by info 20.6 MiB [1m[32m[immutable][39m[22m
  assets by path [1m[32mjs/*.js[39m[22m 20.5 MiB
    asset [1m[32mjs/app.62fd8e19.js[39m[22m 5.05 MiB [1m[32m[emitted][39m[22m [1m[32m[immutable][39m[22m (name: app)
    asset [1m[32mjs/src_pages_booking-form_index_tsx.48de9139.js[39m[22m 2.88 MiB [1m[32m[emitted][39m[22m [1m[32m[immutable][39m[22m
    asset [1m[32mjs/src_pages_orders_index_tsx.4fd7c43e.js[39m[22m 2.87 MiB [1m[32m[emitted][39m[22m [1m[32m[immutable][39m[22m
    asset [1m[32mjs/src_pages_order-detail_index_tsx.53f7dec4.js[39m[22m 2.81 MiB [1m[32m[emitted][39m[22m [1m[32m[immutable][39m[22m
    + 4 assets
  assets by info 91.8 KiB [1m[32m[hmr][39m[22m
    asset [1m[32msrc_pages_booking-success_index_tsx.6575e517fea5780cfe85.hot-update.js[39m[22m 18 KiB [1m[32m[emitted][39m[22m [1m[32m[immutable][39m[22m [1m[32m[hmr][39m[22m
    asset [1m[32msrc_pages_booking-form_index_tsx.6575e517fea5780cfe85.hot-update.js[39m[22m 18 KiB [1m[32m[emitted][39m[22m [1m[32m[immutable][39m[22m [1m[32m[hmr][39m[22m
    asset [1m[32msrc_pages_order-detail_index_tsx.6575e517fea5780cfe85.hot-update.js[39m[22m 18 KiB [1m[32m[emitted][39m[22m [1m[32m[immutable][39m[22m [1m[32m[hmr][39m[22m
    asset [1m[32msrc_pages_orders_index_tsx.6575e517fea5780cfe85.hot-update.js[39m[22m 17.9 KiB [1m[32m[emitted][39m[22m [1m[32m[immutable][39m[22m [1m[32m[hmr][39m[22m
    + 3 assets
asset [1m[32mindex.html[39m[22m 1.44 KiB [1m[32m[emitted][39m[22m
Entrypoint [1mapp[39m[22m 6.39 MiB = [1m[32mjs/runtime.62fd8e19.js[39m[22m 49.6 KiB [1m[32mruntime.6575e517fea5780cfe85.hot-update.js[39m[22m 1.81 KiB [1m[32mjs/taro.62fd8e19.js[39m[22m 1.29 MiB [1m[32mjs/app.62fd8e19.js[39m[22m 5.05 MiB
cached modules 5.72 MiB [1m[32m[cached][39m[22m 780 modules
runtime modules 32.9 KiB 18 modules
[1m./src/data/orders.ts[39m[22m 5.88 KiB [1m[33m[built][39m[22m [1m[33m[code generated][39m[22m
webpack 5.78.0 compiled [1m[32msuccessfully[39m[22m in 310 ms
→ Watching... [2026/6/15 12:15:08]

assets by status 22.7 MiB [1m[32m[cached][39m[22m 9 assets
assets by info 20.8 MiB [1m[32m[immutable][39m[22m
  assets by path [1m[32mjs/*.js[39m[22m 20.6 MiB
    asset [1m[32mjs/app.caaa0de5.js[39m[22m 5.05 MiB [1m[32m[emitted][39m[22m [1m[32m[immutable][39m[22m (name: app)
    asset [1m[32mjs/src_pages_orders_index_tsx.4aff2f57.js[39m[22m 2.9 MiB [1m[32m[emitted][39m[22m [1m[32m[immutable][39m[22m
    asset [1m[32mjs/src_pages_booking-form_index_tsx.e4201c5c.js[39m[22m 2.88 MiB [1m[32m[emitted][39m[22m [1m[32m[immutable][39m[22m
    asset [1m[32mjs/src_pages_order-detail_index_tsx.ada597e4.js[39m[22m 2.83 MiB [1m[32m[emitted][39m[22m [1m[32m[immutable][39m[22m
    + 4 assets
  assets by info 214 KiB [1m[32m[hmr][39m[22m
    asset [1m[32msrc_pages_booking-success_index_tsx.62fd8e191176ec263073.hot-update.js[39m[22m 48 KiB [1m[32m[emitted][39m[22m [1m[32m[immutable][39m[22m [1m[32m[hmr][39m[22m
    asset [1m[32msrc_pages_order-detail_index_tsx.62fd8e191176ec263073.hot-update.js[39m[22m 48 KiB [1m[32m[emitted][39m[22m [1m[32m[immutable][39m[22m [1m[32m[hmr][39m[22m
    asset [1m[32msrc_pages_orders_index_tsx.62fd8e191176ec263073.hot-update.js[39m[22m 48 KiB [1m[32m[emitted][39m[22m [1m[32m[immutable][39m[22m [1m[32m[hmr][39m[22m
    asset [1m[32msrc_pages_mine_index_tsx.62fd8e191176ec263073.hot-update.js[39m[22m 48 KiB [1m[32m[emitted][39m[22m [1m[32m[immutable][39m[22m [1m[32m[hmr][39m[22m
    + 3 assets
asset [1m[32mindex.html[39m[22m 1.44 KiB [1m[32m[emitted][39m[22m
Entrypoint [1mapp[39m[22m 6.39 MiB = [1m[32mjs/runtime.caaa0de5.js[39m[22m 49.6 KiB [1m[32mruntime.62fd8e191176ec263073.hot-update.js[39m[22m 1.81 KiB [1m[32mjs/taro.caaa0de5.js[39m[22m 1.29 MiB [1m[32mjs/app.caaa0de5.js[39m[22m 5.05 MiB
cached modules 5.72 MiB [1m[32m[cached][39m[22m 780 modules
runtime modules 32.9 KiB 18 modules
[1m./src/data/orders.ts[39m[22m 6.49 KiB [1m[33m[built][39m[22m [1m[33m[code generated][39m[22m
webpack 5.78.0 compiled [1m[32msuccessfully[39m[22m in 444 ms
→ Watching... [2026/6/15 12:15:43]

assets by status 34.1 MiB [1m[32m[cached][39m[22m 13 assets
assets by status 9.34 MiB [1m[32m[emitted][39m[22m
  assets by path [1m[32mjs/*.js[39m[22m 9.26 MiB
    asset [1m[32mjs/app.03e89645.js[39m[22m 5.05 MiB [1m[32m[emitted][39m[22m [1m[32m[immutable][39m[22m (name: app)
    asset [1m[32mjs/src_pages_booking-form_index_tsx.9f0a6bcd.js[39m[22m 2.88 MiB [1m[32m[emitted][39m[22m [1m[32m[immutable][39m[22m
    asset [1m[32mjs/taro.03e89645.js[39m[22m 1.29 MiB [1m[32m[emitted][39m[22m [1m[32m[immutable][39m[22m (name: taro) (id hint: taro)
    asset [1m[32mjs/runtime.03e89645.js[39m[22m 49.6 KiB [1m[32m[emitted][39m[22m [1m[32m[immutable][39m[22m (name: runtime)
  assets by info 80 KiB [1m[32m[hmr][39m[22m
    asset [1m[32msrc_pages_booking-form_index_tsx.caaa0de5c1d854c0af85.hot-update.js[39m[22m 78.1 KiB [1m[32m[emitted][39m[22m [1m[32m[immutable][39m[22m [1m[32m[hmr][39m[22m
    asset [1m[32mruntime.caaa0de5c1d854c0af85.hot-update.js[39m[22m 1.81 KiB [1m[32m[emitted][39m[22m [1m[32m[immutable][39m[22m [1m[32m[hmr][39m[22m (name: runtime)
    asset [1m[32mruntime.caaa0de5c1d854c0af85.hot-update.json[39m[22m 66 bytes [1m[32m[emitted][39m[22m [1m[32m[immutable][39m[22m [1m[32m[hmr][39m[22m
  asset [1m[32mindex.html[39m[22m 1.44 KiB [1m[32m[emitted][39m[22m
Entrypoint [1mapp[39m[22m 6.39 MiB = [1m[32mjs/runtime.03e89645.js[39m[22m 49.6 KiB [1m[32mruntime.caaa0de5c1d854c0af85.hot-update.js[39m[22m 1.81 KiB [1m[32mjs/taro.03e89645.js[39m[22m 1.29 MiB [1m[32mjs/app.03e89645.js[39m[22m 5.05 MiB
cached modules 5.7 MiB [1m[32m[cached][39m[22m 780 modules
runtime modules 32.9 KiB 18 modules
[1m./src/pages/booking-form/index.tsx[39m[22m 25.2 KiB [1m[33m[built][39m[22m [1m[33m[code generated][39m[22m
webpack 5.78.0 compiled [1m[32msuccessfully[39m[22m in 719 ms
→ Watching... [2026/6/15 12:16:14]

assets by status 34.1 MiB [1m[32m[cached][39m[22m 13 assets
assets by status 9.21 MiB [1m[32m[emitted][39m[22m
  assets by path [1m[32mjs/*.js[39m[22m 9.18 MiB
    asset [1m[32mjs/app.b72b67f9.js[39m[22m 5.05 MiB [1m[32m[emitted][39m[22m [1m[32m[immutable][39m[22m (name: app)
    asset [1m[32mjs/src_pages_booking-success_index_tsx.d9f5193a.js[39m[22m 2.79 MiB [1m[32m[emitted][39m[22m [1m[32m[immutable][39m[22m
    asset [1m[32mjs/taro.b72b67f9.js[39m[22m 1.29 MiB [1m[32m[emitted][39m[22m [1m[32m[immutable][39m[22m (name: taro) (id hint: taro)
    asset [1m[32mjs/runtime.b72b67f9.js[39m[22m 49.6 KiB [1m[32m[emitted][39m[22m [1m[32m[immutable][39m[22m (name: runtime)
  assets by info 37.4 KiB [1m[32m[hmr][39m[22m
    asset [1m[32msrc_pages_booking-success_index_tsx.03e896458d3692461376.hot-update.js[39m[22m 35.5 KiB [1m[32m[emitted][39m[22m [1m[32m[immutable][39m[22m [1m[32m[hmr][39m[22m
    asset [1m[32mruntime.03e896458d3692461376.hot-update.js[39m[22m 1.81 KiB [1m[32m[emitted][39m[22m [1m[32m[immutable][39m[22m [1m[32m[hmr][39m[22m (name: runtime)
    asset [1m[32mruntime.03e896458d3692461376.hot-update.json[39m[22m 69 bytes [1m[32m[emitted][39m[22m [1m[32m[immutable][39m[22m [1m[32m[hmr][39m[22m
  asset [1m[32mindex.html[39m[22m 1.44 KiB [1m[32m[emitted][39m[22m
Entrypoint [1mapp[39m[22m 6.39 MiB = [1m[32mjs/runtime.b72b67f9.js[39m[22m 49.6 KiB [1m[32mruntime.03e896458d3692461376.hot-update.js[39m[22m 1.81 KiB [1m[32mjs/taro.b72b67f9.js[39m[22m 1.29 MiB [1m[32mjs/app.b72b67f9.js[39m[22m 5.05 MiB
cached modules 5.72 MiB [1m[32m[cached][39m[22m 780 modules
runtime modules 32.9 KiB 18 modules
[1m./src/pages/booking-success/index.tsx[39m[22m 10.9 KiB [1m[33m[built][39m[22m [1m[33m[code generated][39m[22m
webpack 5.78.0 compiled [1m[32msuccessfully[39m[22m in 297 ms
→ Watching... [2026/6/15 12:16:38]

assets by status 34.1 MiB [1m[32m[cached][39m[22m 13 assets
assets by status 9.26 MiB [1m[32m[emitted][39m[22m
  assets by path [1m[32mjs/*.js[39m[22m 9.19 MiB
    asset [1m[32mjs/app.c0534332.js[39m[22m 5.05 MiB [1m[32m[emitted][39m[22m [1m[32m[immutable][39m[22m (name: app)
    asset [1m[32mjs/src_pages_booking-success_index_tsx.24e9367a.js[39m[22m 2.8 MiB [1m[32m[emitted][39m[22m [1m[32m[immutable][39m[22m
    asset [1m[32mjs/taro.c0534332.js[39m[22m 1.29 MiB [1m[32m[emitted][39m[22m [1m[32m[immutable][39m[22m (name: taro) (id hint: taro)
    asset [1m[32mjs/runtime.c0534332.js[39m[22m 49.6 KiB [1m[32m[emitted][39m[22m [1m[32m[immutable][39m[22m (name: runtime)
  assets by info 79.9 KiB [1m[32m[hmr][39m[22m
    asset [1m[32msrc_pages_booking-success_index_tsx.b72b67f901b528ef92ff.hot-update.js[39m[22m 78 KiB [1m[32m[emitted][39m[22m [1m[32m[immutable][39m[22m [1m[32m[hmr][39m[22m
    asset [1m[32mruntime.b72b67f901b528ef92ff.hot-update.js[39m[22m 1.81 KiB [1m[32m[emitted][39m[22m [1m[32m[immutable][39m[22m [1m[32m[hmr][39m[22m (name: runtime)
    asset [1m[32mruntime.b72b67f901b528ef92ff.hot-update.json[39m[22m 69 bytes [1m[32m[emitted][39m[22m [1m[32m[immutable][39m[22m [1m[32m[hmr][39m[22m
  asset [1m[32mindex.html[39m[22m 1.44 KiB [1m[32m[emitted][39m[22m
Entrypoint [1mapp[39m[22m 6.39 MiB = [1m[32mjs/runtime.c0534332.js[39m[22m 49.6 KiB [1m[32mruntime.b72b67f901b528ef92ff.hot-update.js[39m[22m 1.81 KiB [1m[32mjs/taro.c0534332.js[39m[22m 1.29 MiB [1m[32mjs/app.c0534332.js[39m[22m 5.05 MiB
cached modules 5.7 MiB [1m[32m[cached][39m[22m 780 modules
runtime modules 32.9 KiB 18 modules
./node_modules/css-loader/dist/cjs.js??ruleSet[1].rules[2].oneOf[0].use[0]!./node_modules/postcss-loader/dist/cjs.js??ruleSet[1].rules[3].use[0]!./node_modules/resolve-url-loader/index.js!./node_modules/sass-loader/dist/cjs.js??ruleSet[1].rules[5].use[1]![1m./src/pages/booking-success/index.module.scss[39m[22m 30.1 KiB [1m[33m[built][39m[22m [1m[33m[code generated][39m[22m
webpack 5.78.0 compiled [1m[32msuccessfully[39m[22m in 335 ms
→ Watching... [2026/6/15 12:17:00]

assets by status 34.1 MiB [1m[32m[cached][39m[22m 13 assets
assets by status 9.29 MiB [1m[32m[emitted][39m[22m
  assets by path [1m[32mjs/*.js[39m[22m 9.22 MiB
    asset [1m[32mjs/app.403d6d46.js[39m[22m 5.05 MiB [1m[32m[emitted][39m[22m [1m[32m[immutable][39m[22m (name: app)
    asset [1m[32mjs/src_pages_order-detail_index_tsx.ad054a4d.js[39m[22m 2.84 MiB [1m[32m[emitted][39m[22m [1m[32m[immutable][39m[22m
    asset [1m[32mjs/taro.403d6d46.js[39m[22m 1.29 MiB [1m[32m[emitted][39m[22m [1m[32m[immutable][39m[22m (name: taro) (id hint: taro)
    asset [1m[32mjs/runtime.403d6d46.js[39m[22m 49.6 KiB [1m[32m[emitted][39m[22m [1m[32m[immutable][39m[22m (name: runtime)
  assets by info 71.3 KiB [1m[32m[hmr][39m[22m
    asset [1m[32msrc_pages_order-detail_index_tsx.c0534332c297188b3682.hot-update.js[39m[22m 69.4 KiB [1m[32m[emitted][39m[22m [1m[32m[immutable][39m[22m [1m[32m[hmr][39m[22m
    asset [1m[32mruntime.c0534332c297188b3682.hot-update.js[39m[22m 1.81 KiB [1m[32m[emitted][39m[22m [1m[32m[immutable][39m[22m [1m[32m[hmr][39m[22m (name: runtime)
    asset [1m[32mruntime.c0534332c297188b3682.hot-update.json[39m[22m 66 bytes [1m[32m[emitted][39m[22m [1m[32m[immutable][39m[22m [1m[32m[hmr][39m[22m
  asset [1m[32mindex.html[39m[22m 1.44 KiB [1m[32m[emitted][39m[22m
Entrypoint [1mapp[39m[22m 6.39 MiB = [1m[32mjs/runtime.403d6d46.js[39m[22m 49.6 KiB [1m[32mruntime.c0534332c297188b3682.hot-update.js[39m[22m 1.81 KiB [1m[32mjs/taro.403d6d46.js[39m[22m 1.29 MiB [1m[32mjs/app.403d6d46.js[39m[22m 5.05 MiB
cached modules 5.71 MiB [1m[32m[cached][39m[22m 780 modules
runtime modules 32.9 KiB 18 modules
[1m./src/pages/order-detail/index.tsx[39m[22m 22.8 KiB [1m[33m[built][39m[22m [1m[33m[code generated][39m[22m
webpack 5.78.0 compiled [1m[32msuccessfully[39m[22m in 545 ms
→ Watching... [2026/6/15 12:17:17]

assets by status 34.1 MiB [1m[32m[cached][39m[22m 13 assets
assets by status 9.31 MiB [1m[32m[emitted][39m[22m
  assets by path [1m[32mjs/*.js[39m[22m 9.23 MiB
    asset [1m[32mjs/app.8d97da9c.js[39m[22m 5.05 MiB [1m[32m[emitted][39m[22m [1m[32m[immutable][39m[22m (name: app)
    asset [1m[32mjs/src_pages_order-detail_index_tsx.ab14899d.js[39m[22m 2.84 MiB [1m[32m[emitted][39m[22m [1m[32m[immutable][39m[22m
    asset [1m[32mjs/taro.8d97da9c.js[39m[22m 1.29 MiB [1m[32m[emitted][39m[22m [1m[32m[immutable][39m[22m (name: taro) (id hint: taro)
    asset [1m[32mjs/runtime.8d97da9c.js[39m[22m 49.6 KiB [1m[32m[emitted][39m[22m [1m[32m[immutable][39m[22m (name: runtime)
  assets by info 87.9 KiB [1m[32m[hmr][39m[22m
    asset [1m[32msrc_pages_order-detail_index_tsx.403d6d46327d0fdaa989.hot-update.js[39m[22m 86.1 KiB [1m[32m[emitted][39m[22m [1m[32m[immutable][39m[22m [1m[32m[hmr][39m[22m
    asset [1m[32mruntime.403d6d46327d0fdaa989.hot-update.js[39m[22m 1.81 KiB [1m[32m[emitted][39m[22m [1m[32m[immutable][39m[22m [1m[32m[hmr][39m[22m (name: runtime)
    asset [1m[32mruntime.403d6d46327d0fdaa989.hot-update.json[39m[22m 66 bytes [1m[32m[emitted][39m[22m [1m[32m[immutable][39m[22m [1m[32m[hmr][39m[22m
  asset [1m[32mindex.html[39m[22m 1.44 KiB [1m[32m[emitted][39m[22m
Entrypoint [1mapp[39m[22m 6.39 MiB = [1m[32mjs/runtime.8d97da9c.js[39m[22m 49.6 KiB [1m[32mruntime.403d6d46327d0fdaa989.hot-update.js[39m[22m 1.81 KiB [1m[32mjs/taro.8d97da9c.js[39m[22m 1.29 MiB [1m[32mjs/app.8d97da9c.js[39m[22m 5.05 MiB
cached modules 5.7 MiB [1m[32m[cached][39m[22m 780 modules
runtime modules 32.9 KiB 18 modules
./node_modules/css-loader/dist/cjs.js??ruleSet[1].rules[2].oneOf[0].use[0]!./node_modules/postcss-loader/dist/cjs.js??ruleSet[1].rules[3].use[0]!./node_modules/resolve-url-loader/index.js!./node_modules/sass-loader/dist/cjs.js??ruleSet[1].rules[5].use[1]![1m./src/pages/order-detail/index.module.scss[39m[22m 33.4 KiB [1m[33m[built][39m[22m [1m[33m[code generated][39m[22m
webpack 5.78.0 compiled [1m[32msuccessfully[39m[22m in 440 ms
→ Watching... [2026/6/15 12:17:37]

assets by status 34 MiB [1m[32m[cached][39m[22m 13 assets
assets by status 9.32 MiB [1m[32m[emitted][39m[22m
  assets by path [1m[32mjs/*.js[39m[22m 9.29 MiB
    asset [1m[32mjs/app.2a5c6eec.js[39m[22m 5.05 MiB [1m[32m[emitted][39m[22m [1m[32m[immutable][39m[22m (name: app)
    asset [1m[32mjs/src_pages_orders_index_tsx.dd4afe7f.js[39m[22m 2.91 MiB [1m[32m[emitted][39m[22m [1m[32m[immutable][39m[22m
    asset [1m[32mjs/taro.2a5c6eec.js[39m[22m 1.29 MiB [1m[32m[emitted][39m[22m [1m[32m[immutable][39m[22m (name: taro) (id hint: taro)
    asset [1m[32mjs/runtime.2a5c6eec.js[39m[22m 49.6 KiB [1m[32m[emitted][39m[22m [1m[32m[immutable][39m[22m (name: runtime)
  assets by info 27.8 KiB [1m[32m[hmr][39m[22m
    asset [1m[32msrc_pages_orders_index_tsx.8d97da9c0bf564780e21.hot-update.js[39m[22m 25.9 KiB [1m[32m[emitted][39m[22m [1m[32m[immutable][39m[22m [1m[32m[hmr][39m[22m
    asset [1m[32mruntime.8d97da9c0bf564780e21.hot-update.js[39m[22m 1.81 KiB [1m[32m[emitted][39m[22m [1m[32m[immutable][39m[22m [1m[32m[hmr][39m[22m (name: runtime)
    asset [1m[32mruntime.8d97da9c0bf564780e21.hot-update.json[39m[22m 60 bytes [1m[32m[emitted][39m[22m [1m[32m[immutable][39m[22m [1m[32m[hmr][39m[22m
  asset [1m[32mindex.html[39m[22m 1.44 KiB [1m[32m[emitted][39m[22m
Entrypoint [1mapp[39m[22m 6.39 MiB = [1m[32mjs/runtime.2a5c6eec.js[39m[22m 49.6 KiB [1m[32mruntime.8d97da9c0bf564780e21.hot-update.js[39m[22m 1.81 KiB [1m[32mjs/taro.2a5c6eec.js[39m[22m 1.29 MiB [1m[32mjs/app.2a5c6eec.js[39m[22m 5.05 MiB
cached modules 5.73 MiB [1m[32m[cached][39m[22m 780 modules
runtime modules 32.9 KiB 18 modules
[1m./src/components/OrderCard/index.tsx[39m[22m 7.51 KiB [1m[33m[built][39m[22m [1m[33m[code generated][39m[22m
webpack 5.78.0 compiled [1m[32msuccessfully[39m[22m in 292 ms
→ Watching... [2026/6/15 12:17:48]

assets by status 34 MiB [1m[32m[cached][39m[22m 13 assets
assets by status 9.37 MiB [1m[32m[emitted][39m[22m
  assets by path [1m[32mjs/*.js[39m[22m 9.3 MiB
    asset [1m[32mjs/app.311997f4.js[39m[22m 5.05 MiB [1m[32m[emitted][39m[22m [1m[32m[immutable][39m[22m (name: app)
    asset [1m[32mjs/src_pages_orders_index_tsx.a190b022.js[39m[22m 2.91 MiB [1m[32m[emitted][39m[22m [1m[32m[immutable][39m[22m
    asset [1m[32mjs/taro.311997f4.js[39m[22m 1.29 MiB [1m[32m[emitted][39m[22m [1m[32m[immutable][39m[22m (name: taro) (id hint: taro)
    asset [1m[32mjs/runtime.311997f4.js[39m[22m 49.6 KiB [1m[32m[emitted][39m[22m [1m[32m[immutable][39m[22m (name: runtime)
  assets by info 69.8 KiB [1m[32m[hmr][39m[22m
    asset [1m[32msrc_pages_orders_index_tsx.2a5c6eecc1ba950aad1e.hot-update.js[39m[22m 68 KiB [1m[32m[emitted][39m[22m [1m[32m[immutable][39m[22m [1m[32m[hmr][39m[22m
    asset [1m[32mruntime.2a5c6eecc1ba950aad1e.hot-update.js[39m[22m 1.81 KiB [1m[32m[emitted][39m[22m [1m[32m[immutable][39m[22m [1m[32m[hmr][39m[22m (name: runtime)
    asset [1m[32mruntime.2a5c6eecc1ba950aad1e.hot-update.json[39m[22m 60 bytes [1m[32m[emitted][39m[22m [1m[32m[immutable][39m[22m [1m[32m[hmr][39m[22m
  asset [1m[32mindex.html[39m[22m 1.44 KiB [1m[32m[emitted][39m[22m
Entrypoint [1mapp[39m[22m 6.39 MiB = [1m[32mjs/runtime.311997f4.js[39m[22m 49.6 KiB [1m[32mruntime.2a5c6eecc1ba950aad1e.hot-update.js[39m[22m 1.81 KiB [1m[32mjs/taro.311997f4.js[39m[22m 1.29 MiB [1m[32mjs/app.311997f4.js[39m[22m 5.05 MiB
cached modules 5.71 MiB [1m[32m[cached][39m[22m 780 modules
runtime modules 32.9 KiB 18 modules
./node_modules/css-loader/dist/cjs.js??ruleSet[1].rules[2].oneOf[0].use[0]!./node_modules/postcss-loader/dist/cjs.js??ruleSet[1].rules[3].use[0]!./node_modules/resolve-url-loader/index.js!./node_modules/sass-loader/dist/cjs.js??ruleSet[1].rules[5].use[1]![1m./src/components/OrderCard/index.module.scss[39m[22m 26 KiB [1m[33m[built][39m[22m [1m[33m[code generated][39m[22m
webpack 5.78.0 compiled [1m[32msuccessfully[39m[22m in 427 ms
→ Watching... [2026/6/15 12:18:49]

assets by status 43.3 MiB [1m[32m[cached][39m[22m 18 assets
Entrypoint [1mapp[39m[22m 6.38 MiB = [1m[32mjs/runtime.311997f4.js[39m[22m 49.6 KiB [1m[32mjs/taro.311997f4.js[39m[22m 1.29 MiB [1m[32mjs/app.311997f4.js[39m[22m 5.05 MiB
cached modules 5.74 MiB (javascript) 32.9 KiB (runtime) [1m[32m[cached][39m[22m 799 modules
webpack 5.78.0 compiled [1m[32msuccessfully[39m[22m in 257 ms
→ Watching... [2026/6/15 16:00:14]

assets by status 34.1 MiB [1m[32m[cached][39m[22m 13 assets
assets by status 9.29 MiB [1m[32m[emitted][39m[22m
  assets by path [1m[32mjs/*.js[39m[22m 9.25 MiB
    asset [1m[32mjs/app.c0811af3.js[39m[22m 5.05 MiB [1m[32m[emitted][39m[22m [1m[32m[immutable][39m[22m (name: app)
    asset [1m[32mjs/src_pages_courses_index_tsx.729da049.js[39m[22m 2.86 MiB [1m[32m[emitted][39m[22m [1m[32m[immutable][39m[22m
    asset [1m[32mjs/taro.c0811af3.js[39m[22m 1.29 MiB [1m[32m[emitted][39m[22m [1m[32m[immutable][39m[22m (name: taro) (id hint: taro)
    asset [1m[32mjs/runtime.c0811af3.js[39m[22m 49.6 KiB [1m[32m[emitted][39m[22m [1m[32m[immutable][39m[22m (name: runtime)
  assets by info 37.5 KiB [1m[32m[hmr][39m[22m
    asset [1m[32msrc_pages_courses_index_tsx.311997f4e1a33af2645d.hot-update.js[39m[22m 35.6 KiB [1m[32m[emitted][39m[22m [1m[32m[immutable][39m[22m [1m[32m[hmr][39m[22m
    asset [1m[32mruntime.311997f4e1a33af2645d.hot-update.js[39m[22m 1.81 KiB [1m[32m[emitted][39m[22m [1m[32m[immutable][39m[22m [1m[32m[hmr][39m[22m (name: runtime)
    asset [1m[32mruntime.311997f4e1a33af2645d.hot-update.json[39m[22m 61 bytes [1m[32m[emitted][39m[22m [1m[32m[immutable][39m[22m [1m[32m[hmr][39m[22m
  asset [1m[32mindex.html[39m[22m 1.44 KiB [1m[32m[emitted][39m[22m
Entrypoint [1mapp[39m[22m 6.39 MiB = [1m[32mjs/runtime.c0811af3.js[39m[22m 49.6 KiB [1m[32mruntime.311997f4e1a33af2645d.hot-update.js[39m[22m 1.81 KiB [1m[32mjs/taro.c0811af3.js[39m[22m 1.29 MiB [1m[32mjs/app.c0811af3.js[39m[22m 5.05 MiB
cached modules 5.73 MiB [1m[32m[cached][39m[22m 780 modules
runtime modules 32.9 KiB 18 modules
[1m./src/pages/courses/index.tsx[39m[22m 12.3 KiB [1m[33m[built][39m[22m [1m[33m[code generated][39m[22m
webpack 5.78.0 compiled [1m[32msuccessfully[39m[22m in 5064 ms
→ Watching... [2026/6/15 16:00:20]

assets by status 34.1 MiB [1m[32m[cached][39m[22m 13 assets
assets by status 9.29 MiB [1m[32m[emitted][39m[22m
  assets by path [1m[32mjs/*.js[39m[22m 9.25 MiB
    asset [1m[32mjs/app.73e46aee.js[39m[22m 5.05 MiB [1m[32m[emitted][39m[22m [1m[32m[immutable][39m[22m (name: app)
    asset [1m[32mjs/src_pages_courses_index_tsx.17305df7.js[39m[22m 2.86 MiB [1m[32m[emitted][39m[22m [1m[32m[immutable][39m[22m
    asset [1m[32mjs/taro.73e46aee.js[39m[22m 1.29 MiB [1m[32m[emitted][39m[22m [1m[32m[immutable][39m[22m (name: taro) (id hint: taro)
    asset [1m[32mjs/runtime.73e46aee.js[39m[22m 49.6 KiB [1m[32m[emitted][39m[22m [1m[32m[immutable][39m[22m (name: runtime)
  assets by info 38.4 KiB [1m[32m[hmr][39m[22m
    asset [1m[32msrc_pages_courses_index_tsx.c0811af3906c004e0e8f.hot-update.js[39m[22m 36.5 KiB [1m[32m[emitted][39m[22m [1m[32m[immutable][39m[22m [1m[32m[hmr][39m[22m
    asset [1m[32mruntime.c0811af3906c004e0e8f.hot-update.js[39m[22m 1.81 KiB [1m[32m[emitted][39m[22m [1m[32m[immutable][39m[22m [1m[32m[hmr][39m[22m (name: runtime)
    asset [1m[32mruntime.c0811af3906c004e0e8f.hot-update.json[39m[22m 61 bytes [1m[32m[emitted][39m[22m [1m[32m[immutable][39m[22m [1m[32m[hmr][39m[22m
  asset [1m[32mindex.html[39m[22m 1.44 KiB [1m[32m[emitted][39m[22m
Entrypoint [1mapp[39m[22m 6.39 MiB = [1m[32mjs/runtime.73e46aee.js[39m[22m 49.6 KiB [1m[32mruntime.c0811af3906c004e0e8f.hot-update.js[39m[22m 1.81 KiB [1m[32mjs/taro.73e46aee.js[39m[22m 1.29 MiB [1m[32mjs/app.73e46aee.js[39m[22m 5.05 MiB
cached modules 5.73 MiB [1m[32m[cached][39m[22m 780 modules
runtime modules 32.9 KiB 18 modules
[1m./src/pages/courses/index.tsx[39m[22m 12.6 KiB [1m[33m[built][39m[22m [1m[33m[code generated][39m[22m
webpack 5.78.0 compiled [1m[32msuccessfully[39m[22m in 768 ms
→ Watching... [2026/6/15 16:00:37]

assets by status 34.1 MiB [1m[32m[cached][39m[22m 13 assets
assets by status 9.35 MiB [1m[32m[emitted][39m[22m
  assets by path [1m[32mjs/*.js[39m[22m 9.28 MiB
    asset [1m[32mjs/app.a0ef2d67.js[39m[22m 5.05 MiB [1m[32m[emitted][39m[22m [1m[32m[immutable][39m[22m (name: app)
    asset [1m[32mjs/src_pages_courses_index_tsx.15ea4a09.js[39m[22m 2.89 MiB [1m[32m[emitted][39m[22m [1m[32m[immutable][39m[22m
    asset [1m[32mjs/taro.a0ef2d67.js[39m[22m 1.29 MiB [1m[32m[emitted][39m[22m [1m[32m[immutable][39m[22m (name: taro) (id hint: taro)
    asset [1m[32mjs/runtime.a0ef2d67.js[39m[22m 49.6 KiB [1m[32m[emitted][39m[22m [1m[32m[immutable][39m[22m (name: runtime)
  assets by info 68.7 KiB [1m[32m[hmr][39m[22m
    asset [1m[32msrc_pages_courses_index_tsx.73e46aee88b6b4bbeb34.hot-update.js[39m[22m 66.8 KiB [1m[32m[emitted][39m[22m [1m[32m[immutable][39m[22m [1m[32m[hmr][39m[22m
    asset [1m[32mruntime.73e46aee88b6b4bbeb34.hot-update.js[39m[22m 1.81 KiB [1m[32m[emitted][39m[22m [1m[32m[immutable][39m[22m [1m[32m[hmr][39m[22m (name: runtime)
    asset [1m[32mruntime.73e46aee88b6b4bbeb34.hot-update.json[39m[22m 61 bytes [1m[32m[emitted][39m[22m [1m[32m[immutable][39m[22m [1m[32m[hmr][39m[22m
  asset [1m[32mindex.html[39m[22m 1.44 KiB [1m[32m[emitted][39m[22m
Entrypoint [1mapp[39m[22m 6.39 MiB = [1m[32mjs/runtime.a0ef2d67.js[39m[22m 49.6 KiB [1m[32mruntime.73e46aee88b6b4bbeb34.hot-update.js[39m[22m 1.81 KiB [1m[32mjs/taro.a0ef2d67.js[39m[22m 1.29 MiB [1m[32mjs/app.a0ef2d67.js[39m[22m 5.05 MiB
cached modules 5.73 MiB [1m[32m[cached][39m[22m 780 modules
runtime modules 32.9 KiB 18 modules
[1m./src/pages/courses/index.tsx[39m[22m 13.3 KiB [1m[33m[built][39m[22m [1m[33m[code generated][39m[22m
webpack 5.78.0 compiled [1m[32msuccessfully[39m[22m in 1174 ms
⚠️ Warnings: 

ModuleDependencyWarning: export 'getUserInfo' (imported as 'getUserInfo') was not found in '@/utils' (possible exports: formatDate, formatDateTime, generateId, getStatusColor, getStatusText, getStorage, hideLoading, navigateBack, navigateTo, removeStorage, setStorage, showLoading, showModal, showToast, switchTab, validateName, validatePhone)

→ Watching... [2026/6/15 16:00:49]

ModuleDependencyWarning: export 'getUserInfo' (imported as 'getUserInfo') was not found in '@/utils' (possible exports: formatDate, formatDateTime, generateId, getStatusColor, getStatusText, getStorage, hideLoading, navigateBack, navigateTo, removeStorage, setStorage, showLoading, showModal, showToast, switchTab, validateName, validatePhone)

assets by status 34.1 MiB [1m[32m[cached][39m[22m 13 assets
assets by status 9.32 MiB [1m[32m[emitted][39m[22m
  assets by path [1m[32mjs/*.js[39m[22m 9.28 MiB
    asset [1m[32mjs/app.c67dde2e.js[39m[22m 5.05 MiB [1m[32m[emitted][39m[22m [1m[32m[immutable][39m[22m (name: app)
    asset [1m[32mjs/src_pages_courses_index_tsx.e90b05bd.js[39m[22m 2.9 MiB [1m[32m[emitted][39m[22m [1m[32m[immutable][39m[22m
    asset [1m[32mjs/taro.c67dde2e.js[39m[22m 1.29 MiB [1m[32m[emitted][39m[22m [1m[32m[immutable][39m[22m (name: taro) (id hint: taro)
    asset [1m[32mjs/runtime.c67dde2e.js[39m[22m 49.6 KiB [1m[32m[emitted][39m[22m [1m[32m[immutable][39m[22m (name: runtime)
  assets by info 42.7 KiB [1m[32m[hmr][39m[22m
    asset [1m[32msrc_pages_courses_index_tsx.a0ef2d67866ffa7e7b5f.hot-update.js[39m[22m 40.8 KiB [1m[32m[emitted][39m[22m [1m[32m[immutable][39m[22m [1m[32m[hmr][39m[22m
    asset [1m[32mruntime.a0ef2d67866ffa7e7b5f.hot-update.js[39m[22m 1.81 KiB [1m[32m[emitted][39m[22m [1m[32m[immutable][39m[22m [1m[32m[hmr][39m[22m (name: runtime)
    asset [1m[32mruntime.a0ef2d67866ffa7e7b5f.hot-update.json[39m[22m 61 bytes [1m[32m[emitted][39m[22m [1m[32m[immutable][39m[22m [1m[32m[hmr][39m[22m
  asset [1m[32mindex.html[39m[22m 1.44 KiB [1m[32m[emitted][39m[22m
Entrypoint [1mapp[39m[22m 6.39 MiB = [1m[32mjs/runtime.c67dde2e.js[39m[22m 49.6 KiB [1m[32mruntime.a0ef2d67866ffa7e7b5f.hot-update.js[39m[22m 1.81 KiB [1m[32mjs/taro.c67dde2e.js[39m[22m 1.29 MiB [1m[32mjs/app.c67dde2e.js[39m[22m 5.05 MiB
cached modules 5.73 MiB [1m[32m[cached][39m[22m 780 modules
runtime modules 32.9 KiB 18 modules
[1m./src/pages/courses/index.tsx[39m[22m 14.2 KiB [1m[33m[built][39m[22m [1m[33m[code generated][39m[22m

[1m[33mWARNING[39m[22m in [1m./src/pages/courses/index.tsx[39m[22m [1m[32m264:19-30[39m[22m
[1mexport 'getUserInfo' (imported as 'getUserInfo') was [1m[31mnot found[39m[22m[1m in '@/utils' (possible exports: [1m[32mformatDate, formatDateTime, generateId, getStatusColor, getStatusText, getStorage, hideLoading, navigateBack, navigateTo, removeStorage, setStorage, showLoading, showModal, showToast, switchTab, validateName, validatePhone[39m[22m[1m)[39m[22m
 @ ./src/app.config.ts 76:15-46

webpack 5.78.0 compiled with [1m[33m1 warning[39m[22m in 596 ms
⚠️ Warnings: 

ModuleDependencyWarning: export 'getUserInfo' (imported as 'getUserInfo') was not found in '@/utils' (possible exports: formatDate, formatDateTime, generateId, getStatusColor, getStatusText, getStorage, hideLoading, navigateBack, navigateTo, removeStorage, setStorage, showLoading, showModal, showToast, switchTab, validateName, validatePhone)

→ Watching... [2026/6/15 16:01:21]

ModuleDependencyWarning: export 'getUserInfo' (imported as 'getUserInfo') was not found in '@/utils' (possible exports: formatDate, formatDateTime, generateId, getStatusColor, getStatusText, getStorage, hideLoading, navigateBack, navigateTo, removeStorage, setStorage, showLoading, showModal, showToast, switchTab, validateName, validatePhone)

assets by status 34.1 MiB [1m[32m[cached][39m[22m 13 assets
assets by status 9.38 MiB [1m[32m[emitted][39m[22m
  assets by path [1m[32mjs/*.js[39m[22m 9.31 MiB
    asset [1m[32mjs/app.8ac1cb42.js[39m[22m 5.05 MiB [1m[32m[emitted][39m[22m [1m[32m[immutable][39m[22m (name: app)
    asset [1m[32mjs/src_pages_courses_index_tsx.ee161697.js[39m[22m 2.93 MiB [1m[32m[emitted][39m[22m [1m[32m[immutable][39m[22m
    asset [1m[32mjs/taro.8ac1cb42.js[39m[22m 1.29 MiB [1m[32m[emitted][39m[22m [1m[32m[immutable][39m[22m (name: taro) (id hint: taro)
    asset [1m[32mjs/runtime.8ac1cb42.js[39m[22m 49.6 KiB [1m[32m[emitted][39m[22m [1m[32m[immutable][39m[22m (name: runtime)
  assets by info 72.2 KiB [1m[32m[hmr][39m[22m
    asset [1m[32msrc_pages_courses_index_tsx.c67dde2e8b0783be97b9.hot-update.js[39m[22m 70.4 KiB [1m[32m[emitted][39m[22m [1m[32m[immutable][39m[22m [1m[32m[hmr][39m[22m
    asset [1m[32mruntime.c67dde2e8b0783be97b9.hot-update.js[39m[22m 1.81 KiB [1m[32m[emitted][39m[22m [1m[32m[immutable][39m[22m [1m[32m[hmr][39m[22m (name: runtime)
    asset [1m[32mruntime.c67dde2e8b0783be97b9.hot-update.json[39m[22m 61 bytes [1m[32m[emitted][39m[22m [1m[32m[immutable][39m[22m [1m[32m[hmr][39m[22m
  asset [1m[32mindex.html[39m[22m 1.44 KiB [1m[32m[emitted][39m[22m
Entrypoint [1mapp[39m[22m 6.39 MiB = [1m[32mjs/runtime.8ac1cb42.js[39m[22m 49.6 KiB [1m[32mruntime.c67dde2e8b0783be97b9.hot-update.js[39m[22m 1.81 KiB [1m[32mjs/taro.8ac1cb42.js[39m[22m 1.29 MiB [1m[32mjs/app.8ac1cb42.js[39m[22m 5.05 MiB
cached modules 5.73 MiB [1m[32m[cached][39m[22m 780 modules
runtime modules 32.9 KiB 18 modules
[1m./src/pages/courses/index.tsx[39m[22m 23.6 KiB [1m[33m[built][39m[22m [1m[33m[code generated][39m[22m

[1m[33mWARNING[39m[22m in [1m./src/pages/courses/index.tsx[39m[22m [1m[32m264:19-30[39m[22m
[1mexport 'getUserInfo' (imported as 'getUserInfo') was [1m[31mnot found[39m[22m[1m in '@/utils' (possible exports: [1m[32mformatDate, formatDateTime, generateId, getStatusColor, getStatusText, getStorage, hideLoading, navigateBack, navigateTo, removeStorage, setStorage, showLoading, showModal, showToast, switchTab, validateName, validatePhone[39m[22m[1m)[39m[22m
 @ ./src/app.config.ts 76:15-46

webpack 5.78.0 compiled with [1m[33m1 warning[39m[22m in 715 ms
⚠️ Warnings: 

ModuleDependencyWarning: export 'getUserInfo' (imported as 'getUserInfo') was not found in '@/utils' (possible exports: formatDate, formatDateTime, generateId, getStatusColor, getStatusText, getStorage, hideLoading, navigateBack, navigateTo, removeStorage, setStorage, showLoading, showModal, showToast, switchTab, validateName, validatePhone)

✖ Errors: 

ModuleBuildError: Module build failed (from ./node_modules/sass-loader/dist/cjs.js):
Undefined variable.
    ╷
168 │   padding: $spacing-xxl 0;
    │            ^^^^^^^^^^^^
    ╵
  src\pages\courses\index.module.scss 168:12  root stylesheet

→ Watching... [2026/6/15 16:02:28]

ModuleBuildError: Module build failed (from ./node_modules/sass-loader/dist/cjs.js):
Undefined variable.
    ╷
168 │   padding: $spacing-xxl 0;
    │            ^^^^^^^^^^^^
    ╵
  src\pages\courses\index.module.scss 168:12  root stylesheet

assets by status 34.1 MiB [1m[32m[cached][39m[22m 13 assets
assets by status 9.27 MiB [1m[32m[emitted][39m[22m
  assets by path [1m[32mjs/*.js[39m[22m 9.26 MiB
    asset [1m[32mjs/app.c4d7cf32.js[39m[22m 5.05 MiB [1m[32m[emitted][39m[22m [1m[32m[immutable][39m[22m (name: app)
    asset [1m[32mjs/src_pages_courses_index_tsx.b46193e5.js[39m[22m 2.88 MiB [1m[32m[emitted][39m[22m [1m[32m[immutable][39m[22m
    asset [1m[32mjs/taro.c4d7cf32.js[39m[22m 1.29 MiB [1m[32m[emitted][39m[22m [1m[32m[immutable][39m[22m (name: taro) (id hint: taro)
    asset [1m[32mjs/runtime.c4d7cf32.js[39m[22m 49.6 KiB [1m[32m[emitted][39m[22m [1m[32m[immutable][39m[22m (name: runtime)
  assets by info 3.96 KiB [1m[32m[hmr][39m[22m
    asset [1m[32msrc_pages_courses_index_tsx.8ac1cb4204818221e50c.hot-update.js[39m[22m 2.09 KiB [1m[32m[emitted][39m[22m [1m[32m[immutable][39m[22m [1m[32m[hmr][39m[22m
    asset [1m[32mruntime.8ac1cb4204818221e50c.hot-update.js[39m[22m 1.81 KiB [1m[32m[emitted][39m[22m [1m[32m[immutable][39m[22m [1m[32m[hmr][39m[22m (name: runtime)
    asset [1m[32mruntime.8ac1cb4204818221e50c.hot-update.json[39m[22m 61 bytes [1m[32m[emitted][39m[22m [1m[32m[immutable][39m[22m [1m[32m[hmr][39m[22m
  asset [1m[32mindex.html[39m[22m 1.44 KiB [1m[32m[emitted][39m[22m
Entrypoint [1mapp[39m[22m 6.39 MiB = [1m[32mjs/runtime.c4d7cf32.js[39m[22m 49.6 KiB [1m[32mruntime.8ac1cb4204818221e50c.hot-update.js[39m[22m 1.81 KiB [1m[32mjs/taro.c4d7cf32.js[39m[22m 1.29 MiB [1m[32mjs/app.c4d7cf32.js[39m[22m 5.05 MiB
cached modules 5.73 MiB [1m[32m[cached][39m[22m 779 modules
runtime modules 32.9 KiB 18 modules
javascript modules 3.05 KiB
  [1m./src/pages/courses/index.module.scss[39m[22m 3.01 KiB [1m[33m[code generated][39m[22m
  ./node_modules/css-loader/dist/cjs.js??ruleSet[1].rules[2].oneOf[0].use[0]!./node_modules/postcss-loader/dist/cjs.js??ruleSet[1].rules[3].use[0]!./node_modules/resolve-url-loader/index.js!./node_modules/sass-loader/dist/cjs.js??ruleSet[1].rules[5].use[1]![1m./src/pages/courses/index.module.scss[39m[22m 39 bytes [1m[33m[built][39m[22m [1m[33m[code generated][39m[22m [1m[31m[1 error][39m[22m

[1m[33mWARNING[39m[22m in [1m./src/pages/courses/index.tsx[39m[22m [1m[32m264:19-30[39m[22m
[1mexport 'getUserInfo' (imported as 'getUserInfo') was [1m[31mnot found[39m[22m[1m in '@/utils' (possible exports: [1m[32mformatDate, formatDateTime, generateId, getStatusColor, getStatusText, getStorage, hideLoading, navigateBack, navigateTo, removeStorage, setStorage, showLoading, showModal, showToast, switchTab, validateName, validatePhone[39m[22m[1m)[39m[22m
 @ ./src/app.config.ts 76:15-46

[1m[31mERROR[39m[22m in [1m./src/pages/courses/index.module.scss[39m[22m (./node_modules/css-loader/dist/cjs.js??ruleSet[1].rules[2].oneOf[0].use[0]!./node_modules/postcss-loader/dist/cjs.js??ruleSet[1].rules[3].use[0]!./node_modules/resolve-url-loader/index.js!./node_modules/sass-loader/dist/cjs.js??ruleSet[1].rules[5].use[1]!./src/pages/courses/index.module.scss)
[1mModule build [1m[31mfailed[39m[22m[1m (from ./node_modules/sass-loader/dist/cjs.js):
Undefined variable.
    ╷
168 │   padding: $spacing-xxl 0;
    │            ^^^^^^^^^^^^
    ╵
  src\pages\courses\index.module.scss 168:12  root stylesheet[39m[22m
 @ ./src/pages/courses/index.module.scss 8:6-351 22:17-24 26:7-21 52:25-39 53:36-47 53:50-64 57:6-67:7 58:54-65 58:68-82 64:42-53 64:56-70 66:21-28 77:0-321 77:0-321 78:22-29 78:33-47 78:50-64 55:4-68:5
 @ ./src/pages/courses/index.tsx 11:0-41 280:15-26 282:17-36 284:19-38 286:21-44 288:23-43 291:23-43 295:21-42 300:19-35 302:21-42 306:36-55 306:87-112 314:21-37 316:23-41 319:38-54 319:85-107 327:23-40 334:25-40 341:17-31 345:21-38 355:19-46 357:21-40 359:23-41 362:23-42 366:21-42 368:34-51 368:53-79 372:34-51 372:53-77 377:21-44 379:23-45 381:25-46 383:27-47 387:25-45 392:23-43 395:27-53 397:29-55 400:33-55 402:35-59 405:35-56 409:33-58 414:33-55 416:35-56 419:35-59 423:33-58 428:33-55 430:35-56 434:33-58 439:29-56 441:31-57 444:31-57 447:31-48 466:17-33 469:19-35 474:21-43 476:23-44 479:23-44 484:21-41 487:23-38 489:25-41 492:25-41 496:23-38 498:25-41 501:25-41 505:23-38 507:25-41 510:25-41 514:23-38 516:25-41 519:25-41 523:23-38 525:25-41 528:25-44 530:27-46 533:27-46 536:27-46 539:27-46 545:21-43 547:23-44
 @ ./src/app.config.ts 76:15-46

webpack 5.78.0 compiled with [1m[31m1 error[39m[22m and [1m[33m1 warning[39m[22m in 2609 ms
⚠️ Warnings: 

ModuleDependencyWarning: export 'getUserInfo' (imported as 'getUserInfo') was not found in '@/utils' (possible exports: formatDate, formatDateTime, generateId, getStatusColor, getStatusText, getStorage, hideLoading, navigateBack, navigateTo, removeStorage, setStorage, showLoading, showModal, showToast, switchTab, validateName, validatePhone)

✖ Errors: 

ModuleBuildError: Module build failed (from ./node_modules/sass-loader/dist/cjs.js):
Undefined variable.
    ╷
168 │   padding: $spacing-xxl 0;
    │            ^^^^^^^^^^^^
    ╵
  src\pages\courses\index.module.scss 168:12  root stylesheet

→ Watching... [2026/6/15 16:03:14]

ModuleBuildError: Module build failed (from ./node_modules/sass-loader/dist/cjs.js):
Undefined variable.
    ╷
168 │   padding: $spacing-xxl 0;
    │            ^^^^^^^^^^^^
    ╵
  src\pages\courses\index.module.scss 168:12  root stylesheet

assets by status 43.4 MiB [1m[32m[cached][39m[22m 18 assets
Entrypoint [1mapp[39m[22m 6.38 MiB = [1m[32mjs/runtime.c4d7cf32.js[39m[22m 49.6 KiB [1m[32mjs/taro.c4d7cf32.js[39m[22m 1.29 MiB [1m[32mjs/app.c4d7cf32.js[39m[22m 5.05 MiB
cached modules 5.73 MiB (javascript) 32.9 KiB (runtime) [1m[32m[cached][39m[22m 798 modules
./node_modules/css-loader/dist/cjs.js??ruleSet[1].rules[2].oneOf[0].use[0]!./node_modules/postcss-loader/dist/cjs.js??ruleSet[1].rules[3].use[0]!./node_modules/resolve-url-loader/index.js!./node_modules/sass-loader/dist/cjs.js??ruleSet[1].rules[5].use[1]![1m./src/pages/courses/index.module.scss[39m[22m 39 bytes [1m[33m[built][39m[22m [1m[31m[1 error][39m[22m

[1m[33mWARNING[39m[22m in [1m./src/pages/courses/index.tsx[39m[22m [1m[32m264:19-30[39m[22m
[1mexport 'getUserInfo' (imported as 'getUserInfo') was [1m[31mnot found[39m[22m[1m in '@/utils' (possible exports: [1m[32mformatDate, formatDateTime, generateId, getStatusColor, getStatusText, getStorage, hideLoading, navigateBack, navigateTo, removeStorage, setStorage, showLoading, showModal, showToast, switchTab, validateName, validatePhone[39m[22m[1m)[39m[22m
 @ ./src/app.config.ts 76:15-46

[1m[31mERROR[39m[22m in [1m./src/pages/courses/index.module.scss[39m[22m (./node_modules/css-loader/dist/cjs.js??ruleSet[1].rules[2].oneOf[0].use[0]!./node_modules/postcss-loader/dist/cjs.js??ruleSet[1].rules[3].use[0]!./node_modules/resolve-url-loader/index.js!./node_modules/sass-loader/dist/cjs.js??ruleSet[1].rules[5].use[1]!./src/pages/courses/index.module.scss)
[1mModule build [1m[31mfailed[39m[22m[1m (from ./node_modules/sass-loader/dist/cjs.js):
Undefined variable.
    ╷
168 │   padding: $spacing-xxl 0;
    │            ^^^^^^^^^^^^
    ╵
  src\pages\courses\index.module.scss 168:12  root stylesheet[39m[22m
 @ ./src/pages/courses/index.module.scss 8:6-351 22:17-24 26:7-21 52:25-39 53:36-47 53:50-64 57:6-67:7 58:54-65 58:68-82 64:42-53 64:56-70 66:21-28 77:0-321 77:0-321 78:22-29 78:33-47 78:50-64 55:4-68:5
 @ ./src/pages/courses/index.tsx 11:0-41 280:15-26 282:17-36 284:19-38 286:21-44 288:23-43 291:23-43 295:21-42 300:19-35 302:21-42 306:36-55 306:87-112 314:21-37 316:23-41 319:38-54 319:85-107 327:23-40 334:25-40 341:17-31 345:21-38 355:19-46 357:21-40 359:23-41 362:23-42 366:21-42 368:34-51 368:53-79 372:34-51 372:53-77 377:21-44 379:23-45 381:25-46 383:27-47 387:25-45 392:23-43 395:27-53 397:29-55 400:33-55 402:35-59 405:35-56 409:33-58 414:33-55 416:35-56 419:35-59 423:33-58 428:33-55 430:35-56 434:33-58 439:29-56 441:31-57 444:31-57 447:31-48 466:17-33 469:19-35 474:21-43 476:23-44 479:23-44 484:21-41 487:23-38 489:25-41 492:25-41 496:23-38 498:25-41 501:25-41 505:23-38 507:25-41 510:25-41 514:23-38 516:25-41 519:25-41 523:23-38 525:25-41 528:25-44 530:27-46 533:27-46 536:27-46 539:27-46 545:21-43 547:23-44
 @ ./src/app.config.ts 76:15-46

webpack 5.78.0 compiled with [1m[31m1 error[39m[22m and [1m[33m1 warning[39m[22m in 395 ms
✖ Errors: 

ModuleBuildError: Module build failed (from ./node_modules/sass-loader/dist/cjs.js):
Undefined variable.
    ╷
168 │   padding: $spacing-xxl 0;
    │            ^^^^^^^^^^^^
    ╵
  src\pages\courses\index.module.scss 168:12  root stylesheet

→ Watching... [2026/6/15 16:04:19]

ModuleBuildError: Module build failed (from ./node_modules/sass-loader/dist/cjs.js):
Undefined variable.
    ╷
168 │   padding: $spacing-xxl 0;
    │            ^^^^^^^^^^^^
    ╵
  src\pages\courses\index.module.scss 168:12  root stylesheet

assets by status 34.1 MiB [1m[32m[cached][39m[22m 13 assets
assets by status 9.33 MiB [1m[32m[emitted][39m[22m
  assets by path [1m[32mjs/*.js[39m[22m 9.26 MiB
    asset [1m[32mjs/app.cc3a2520.js[39m[22m 5.05 MiB [1m[32m[emitted][39m[22m [1m[32m[immutable][39m[22m (name: app)
    asset [1m[32mjs/src_pages_courses_index_tsx.4f3b034e.js[39m[22m 2.88 MiB [1m[32m[emitted][39m[22m [1m[32m[immutable][39m[22m
    asset [1m[32mjs/taro.cc3a2520.js[39m[22m 1.29 MiB [1m[32m[emitted][39m[22m [1m[32m[immutable][39m[22m (name: taro) (id hint: taro)
    asset [1m[32mjs/runtime.cc3a2520.js[39m[22m 49.6 KiB [1m[32m[emitted][39m[22m [1m[32m[immutable][39m[22m (name: runtime)
  assets by info 72.2 KiB [1m[32m[hmr][39m[22m
    asset [1m[32msrc_pages_courses_index_tsx.c4d7cf32c4ef5d77655e.hot-update.js[39m[22m 70.3 KiB [1m[32m[emitted][39m[22m [1m[32m[immutable][39m[22m [1m[32m[hmr][39m[22m
    asset [1m[32mruntime.c4d7cf32c4ef5d77655e.hot-update.js[39m[22m 1.81 KiB [1m[32m[emitted][39m[22m [1m[32m[immutable][39m[22m [1m[32m[hmr][39m[22m (name: runtime)
    asset [1m[32mruntime.c4d7cf32c4ef5d77655e.hot-update.json[39m[22m 61 bytes [1m[32m[emitted][39m[22m [1m[32m[immutable][39m[22m [1m[32m[hmr][39m[22m
  asset [1m[32mindex.html[39m[22m 1.44 KiB [1m[32m[emitted][39m[22m
Entrypoint [1mapp[39m[22m 6.39 MiB = [1m[32mjs/runtime.cc3a2520.js[39m[22m 49.6 KiB [1m[32mruntime.c4d7cf32c4ef5d77655e.hot-update.js[39m[22m 1.81 KiB [1m[32mjs/taro.cc3a2520.js[39m[22m 1.29 MiB [1m[32mjs/app.cc3a2520.js[39m[22m 5.05 MiB
cached modules 5.71 MiB [1m[32m[cached][39m[22m 779 modules
runtime modules 32.9 KiB 18 modules
javascript modules 23.6 KiB
  [1m./src/pages/courses/index.tsx[39m[22m 23.6 KiB [1m[33m[built][39m[22m [1m[33m[code generated][39m[22m
  ./node_modules/css-loader/dist/cjs.js??ruleSet[1].rules[2].oneOf[0].use[0]!./node_modules/postcss-loader/dist/cjs.js??ruleSet[1].rules[3].use[0]!./node_modules/resolve-url-loader/index.js!./node_modules/sass-loader/dist/cjs.js??ruleSet[1].rules[5].use[1]![1m./src/pages/courses/index.module.scss[39m[22m 39 bytes [1m[33m[built][39m[22m [1m[31m[1 error][39m[22m

[1m[31mERROR[39m[22m in [1m./src/pages/courses/index.module.scss[39m[22m (./node_modules/css-loader/dist/cjs.js??ruleSet[1].rules[2].oneOf[0].use[0]!./node_modules/postcss-loader/dist/cjs.js??ruleSet[1].rules[3].use[0]!./node_modules/resolve-url-loader/index.js!./node_modules/sass-loader/dist/cjs.js??ruleSet[1].rules[5].use[1]!./src/pages/courses/index.module.scss)
[1mModule build [1m[31mfailed[39m[22m[1m (from ./node_modules/sass-loader/dist/cjs.js):
Undefined variable.
    ╷
168 │   padding: $spacing-xxl 0;
    │            ^^^^^^^^^^^^
    ╵
  src\pages\courses\index.module.scss 168:12  root stylesheet[39m[22m
 @ ./src/pages/courses/index.module.scss 8:6-351 22:17-24 26:7-21 52:25-39 53:36-47 53:50-64 57:6-67:7 58:54-65 58:68-82 64:42-53 64:56-70 66:21-28 77:0-321 77:0-321 78:22-29 78:33-47 78:50-64 55:4-68:5
 @ ./src/pages/courses/index.tsx 11:0-41 280:15-26 282:17-36 284:19-38 286:21-44 288:23-43 291:23-43 295:21-42 300:19-35 302:21-42 306:36-55 306:87-112 314:21-37 316:23-41 319:38-54 319:85-107 327:23-40 334:25-40 341:17-31 345:21-38 355:19-46 357:21-40 359:23-41 362:23-42 366:21-42 368:34-51 368:53-79 372:34-51 372:53-77 377:21-44 379:23-45 381:25-46 383:27-47 387:25-45 392:23-43 395:27-53 397:29-55 400:33-55 402:35-59 405:35-56 409:33-58 414:33-55 416:35-56 419:35-59 423:33-58 428:33-55 430:35-56 434:33-58 439:29-56 441:31-57 444:31-57 447:31-48 466:17-33 469:19-35 474:21-43 476:23-44 479:23-44 484:21-41 487:23-38 489:25-41 492:25-41 496:23-38 498:25-41 501:25-41 505:23-38 507:25-41 510:25-41 514:23-38 516:25-41 519:25-41 523:23-38 525:25-41 528:25-44 530:27-46 533:27-46 536:27-46 539:27-46 545:21-43 547:23-44
 @ ./src/app.config.ts 76:15-46

webpack 5.78.0 compiled with [1m[31m1 error[39m[22m in 1191 ms
✖ Errors: 

ModuleBuildError: Module build failed (from ./node_modules/sass-loader/dist/cjs.js):
Undefined variable.
    ╷
168 │   padding: $spacing-xxl 0;
    │            ^^^^^^^^^^^^
    ╵
  src\pages\courses\index.module.scss 168:12  root stylesheet

→ Watching... [2026/6/15 16:04:30]

ModuleBuildError: Module build failed (from ./node_modules/sass-loader/dist/cjs.js):
Undefined variable.
    ╷
168 │   padding: $spacing-xxl 0;
    │            ^^^^^^^^^^^^
    ╵
  src\pages\courses\index.module.scss 168:12  root stylesheet

assets by status 34.1 MiB [1m[32m[cached][39m[22m 13 assets
assets by status 9.33 MiB [1m[32m[emitted][39m[22m
  assets by path [1m[32mjs/*.js[39m[22m 9.26 MiB
    asset [1m[32mjs/app.24882481.js[39m[22m 5.05 MiB [1m[32m[emitted][39m[22m [1m[32m[immutable][39m[22m (name: app)
    asset [1m[32mjs/src_pages_courses_index_tsx.005cf8a9.js[39m[22m 2.88 MiB [1m[32m[emitted][39m[22m [1m[32m[immutable][39m[22m
    asset [1m[32mjs/taro.24882481.js[39m[22m 1.29 MiB [1m[32m[emitted][39m[22m [1m[32m[immutable][39m[22m (name: taro) (id hint: taro)
    asset [1m[32mjs/runtime.24882481.js[39m[22m 49.6 KiB [1m[32m[emitted][39m[22m [1m[32m[immutable][39m[22m (name: runtime)
  assets by info 71.7 KiB [1m[32m[hmr][39m[22m
    asset [1m[32msrc_pages_courses_index_tsx.cc3a2520fa91749d3d8b.hot-update.js[39m[22m 69.8 KiB [1m[32m[emitted][39m[22m [1m[32m[immutable][39m[22m [1m[32m[hmr][39m[22m
    asset [1m[32mruntime.cc3a2520fa91749d3d8b.hot-update.js[39m[22m 1.81 KiB [1m[32m[emitted][39m[22m [1m[32m[immutable][39m[22m [1m[32m[hmr][39m[22m (name: runtime)
    asset [1m[32mruntime.cc3a2520fa91749d3d8b.hot-update.json[39m[22m 61 bytes [1m[32m[emitted][39m[22m [1m[32m[immutable][39m[22m [1m[32m[hmr][39m[22m
  asset [1m[32mindex.html[39m[22m 1.44 KiB [1m[32m[emitted][39m[22m
Entrypoint [1mapp[39m[22m 6.39 MiB = [1m[32mjs/runtime.24882481.js[39m[22m 49.6 KiB [1m[32mruntime.cc3a2520fa91749d3d8b.hot-update.js[39m[22m 1.81 KiB [1m[32mjs/taro.24882481.js[39m[22m 1.29 MiB [1m[32mjs/app.24882481.js[39m[22m 5.05 MiB
cached modules 5.71 MiB [1m[32m[cached][39m[22m 779 modules
runtime modules 32.9 KiB 18 modules
javascript modules 23.5 KiB
  [1m./src/pages/courses/index.tsx[39m[22m 23.4 KiB [1m[33m[built][39m[22m [1m[33m[code generated][39m[22m
  ./node_modules/css-loader/dist/cjs.js??ruleSet[1].rules[2].oneOf[0].use[0]!./node_modules/postcss-loader/dist/cjs.js??ruleSet[1].rules[3].use[0]!./node_modules/resolve-url-loader/index.js!./node_modules/sass-loader/dist/cjs.js??ruleSet[1].rules[5].use[1]![1m./src/pages/courses/index.module.scss[39m[22m 39 bytes [1m[33m[built][39m[22m [1m[31m[1 error][39m[22m

[1m[31mERROR[39m[22m in [1m./src/pages/courses/index.module.scss[39m[22m (./node_modules/css-loader/dist/cjs.js??ruleSet[1].rules[2].oneOf[0].use[0]!./node_modules/postcss-loader/dist/cjs.js??ruleSet[1].rules[3].use[0]!./node_modules/resolve-url-loader/index.js!./node_modules/sass-loader/dist/cjs.js??ruleSet[1].rules[5].use[1]!./src/pages/courses/index.module.scss)
[1mModule build [1m[31mfailed[39m[22m[1m (from ./node_modules/sass-loader/dist/cjs.js):
Undefined variable.
    ╷
168 │   padding: $spacing-xxl 0;
    │            ^^^^^^^^^^^^
    ╵
  src\pages\courses\index.module.scss 168:12  root stylesheet[39m[22m
 @ ./src/pages/courses/index.module.scss 8:6-351 22:17-24 26:7-21 52:25-39 53:36-47 53:50-64 57:6-67:7 58:54-65 58:68-82 64:42-53 64:56-70 66:21-28 77:0-321 77:0-321 78:22-29 78:33-47 78:50-64 55:4-68:5
 @ ./src/pages/courses/index.tsx 11:0-41 274:15-26 276:17-36 278:19-38 280:21-44 282:23-43 285:23-43 289:21-42 294:19-35 296:21-42 300:36-55 300:87-112 308:21-37 310:23-41 313:38-54 313:85-107 321:23-40 328:25-40 335:17-31 339:21-38 349:19-46 351:21-40 353:23-41 356:23-42 360:21-42 362:34-51 362:53-79 366:34-51 366:53-77 371:21-44 373:23-45 375:25-46 377:27-47 381:25-45 386:23-43 389:27-53 391:29-55 394:33-55 396:35-59 399:35-56 403:33-58 408:33-55 410:35-56 413:35-59 417:33-58 422:33-55 424:35-56 428:33-58 433:29-56 435:31-57 438:31-57 441:31-48 460:17-33 463:19-35 468:21-43 470:23-44 473:23-44 478:21-41 481:23-38 483:25-41 486:25-41 490:23-38 492:25-41 495:25-41 499:23-38 501:25-41 504:25-41 508:23-38 510:25-41 513:25-41 517:23-38 519:25-41 522:25-44 524:27-46 527:27-46 530:27-46 533:27-46 539:21-43 541:23-44
 @ ./src/app.config.ts 76:15-46

webpack 5.78.0 compiled with [1m[31m1 error[39m[22m in 929 ms
→ Watching... [2026/6/15 16:04:36]

assets by status 34.1 MiB [1m[32m[cached][39m[22m 13 assets
assets by status 9.51 MiB [1m[32m[emitted][39m[22m
  assets by path [1m[32mjs/*.js[39m[22m 9.38 MiB
    asset [1m[32mjs/app.647996a2.js[39m[22m 5.05 MiB [1m[32m[emitted][39m[22m [1m[32m[immutable][39m[22m (name: app)
    asset [1m[32mjs/src_pages_courses_index_tsx.52b974f4.js[39m[22m 3 MiB [1m[32m[emitted][39m[22m [1m[32m[immutable][39m[22m
    asset [1m[32mjs/taro.647996a2.js[39m[22m 1.29 MiB [1m[32m[emitted][39m[22m [1m[32m[immutable][39m[22m (name: taro) (id hint: taro)
    asset [1m[32mjs/runtime.647996a2.js[39m[22m 49.6 KiB [1m[32m[emitted][39m[22m [1m[32m[immutable][39m[22m (name: runtime)
  assets by info 128 KiB [1m[32m[hmr][39m[22m
    asset [1m[32msrc_pages_courses_index_tsx.2488248149b6028b7d47.hot-update.js[39m[22m 126 KiB [1m[32m[emitted][39m[22m [1m[32m[immutable][39m[22m [1m[32m[hmr][39m[22m
    asset [1m[32mruntime.2488248149b6028b7d47.hot-update.js[39m[22m 1.81 KiB [1m[32m[emitted][39m[22m [1m[32m[immutable][39m[22m [1m[32m[hmr][39m[22m (name: runtime)
    asset [1m[32mruntime.2488248149b6028b7d47.hot-update.json[39m[22m 61 bytes [1m[32m[emitted][39m[22m [1m[32m[immutable][39m[22m [1m[32m[hmr][39m[22m
  asset [1m[32mindex.html[39m[22m 1.44 KiB [1m[32m[emitted][39m[22m
Entrypoint [1mapp[39m[22m 6.39 MiB = [1m[32mjs/runtime.647996a2.js[39m[22m 49.6 KiB [1m[32mruntime.2488248149b6028b7d47.hot-update.js[39m[22m 1.81 KiB [1m[32mjs/taro.647996a2.js[39m[22m 1.29 MiB [1m[32mjs/app.647996a2.js[39m[22m 5.05 MiB
cached modules 5.73 MiB [1m[32m[cached][39m[22m 779 modules
runtime modules 32.9 KiB 18 modules
javascript modules 52.7 KiB
  [1m./src/pages/courses/index.module.scss[39m[22m 3.01 KiB [1m[33m[code generated][39m[22m
  ./node_modules/css-loader/dist/cjs.js??ruleSet[1].rules[2].oneOf[0].use[0]!./node_modules/postcss-loader/dist/cjs.js??ruleSet[1].rules[3].use[0]!./node_modules/resolve-url-loader/index.js!./node_modules/sass-loader/dist/cjs.js??ruleSet[1].rules[5].use[1]![1m./src/pages/courses/index.module.scss[39m[22m 49.7 KiB [1m[33m[built][39m[22m [1m[33m[code generated][39m[22m
webpack 5.78.0 compiled [1m[32msuccessfully[39m[22m in 1312 ms
→ Watching... [2026/6/15 16:04:55]

assets by status 43.5 MiB [1m[32m[cached][39m[22m 18 assets
Entrypoint [1mapp[39m[22m 6.38 MiB = [1m[32mjs/runtime.647996a2.js[39m[22m 49.6 KiB [1m[32mjs/taro.647996a2.js[39m[22m 1.29 MiB [1m[32mjs/app.647996a2.js[39m[22m 5.05 MiB
cached modules 5.78 MiB (javascript) 32.9 KiB (runtime) [1m[32m[cached][39m[22m 799 modules
webpack 5.78.0 compiled [1m[32msuccessfully[39m[22m in 267 ms
